INFO 14:06:38.387621 Snake ID: f6bf131c-f59c-4b02-819d-c759847197d1 URL: http://127.0.0.1:59169, Name: "Rule-based agent"
INFO 14:06:38.390408 Ruleset: solo, Seed: 100
INFO 14:06:38.390408 Turn: 0, Snakes Alive: [Rule-based agent], Food: 2, Hazards: 0
INFO 14:06:38.408555 Turn: 1, Snakes Alive: [Rule-based agent], Food: 2, Hazards: 0
INFO 14:06:38.411299 Turn: 2, Snakes Alive: [Rule-based agent], Food: 1, Hazards: 0
INFO 14:06:38.417954 Turn: 3, Snakes Alive: [Rule-based agent], Food: 2, Hazards: 0
INFO 14:06:38.423781 Turn: 4, Snakes Alive: [Rule-based agent], Food: 2, Hazards: 0
INFO 14:06:38.427822 Turn: 5, Snakes Alive: [Rule-based agent], Food: 2, Hazards: 0
INFO 14:06:38.430900 Turn: 6, Snakes Alive: [Rule-based agent], Food: 2, Hazards: 0
INFO 14:06:38.433851 Turn: 7, Snakes Alive: [Rule-based agent], Food: 2, Hazards: 0
INFO 14:06:38.443651 Turn: 8, Snakes Alive: [Rule-based agent], Food: 2, Hazards: 0
INFO 14:06:38.452697 Turn: 9, Snakes Alive: [Rule-based agent], Food: 3, Hazards: 0
INFO 14:06:38.460969 Turn: 10, Snakes Alive: [Rule-based agent], Food: 3, Hazards: 0
INFO 14:06:38.467249 Turn: 11, Snakes Alive: [Rule-based agent], Food: 3, Hazards: 0
INFO 14:06:38.472141 Turn: 12, Snakes Alive: [Rule-based agent], Food: 3, Hazards: 0
INFO 14:06:38.476198 Turn: 13, Snakes Alive: [Rule-based agent], Food: 4, Hazards: 0
INFO 14:06:38.479447 Turn: 14, Snakes Alive: [Rule-based agent], Food: 4, Hazards: 0
INFO 14:06:38.487054 Turn: 15, Snakes Alive: [Rule-based agent], Food: 4, Hazards: 0
INFO 14:06:38.491102 Turn: 16, Snakes Alive: [Rule-based agent], Food: 4, Hazards: 0
INFO 14:06:38.494913 Turn: 17, Snakes Alive: [Rule-based agent], Food: 5, Hazards: 0
INFO 14:06:38.497254 Turn: 18, Snakes Alive: [Rule-based agent], Food: 4, Hazards: 0
INFO 14:06:38.513883 Turn: 19, Snakes Alive: [Rule-based agent], Food: 4, Hazards: 0
INFO 14:06:38.527360 Turn: 20, Snakes Alive: [Rule-based agent], Food: 4, Hazards: 0
INFO 14:06:38.609100 Turn: 21, Snakes Alive: [Rule-based agent], Food: 4, Hazards: 0
INFO 14:06:38.618151 Turn: 22, Snakes Alive: [Rule-based agent], Food: 4, Hazards: 0
INFO 14:06:38.633473 Turn: 23, Snakes Alive: [Rule-based agent], Food: 5, Hazards: 0
INFO 14:06:38.637767 Turn: 24, Snakes Alive: [Rule-based agent], Food: 5, Hazards: 0
INFO 14:06:38.640770 Turn: 25, Snakes Alive: [Rule-based agent], Food: 5, Hazards: 0
INFO 14:06:38.644985 Turn: 26, Snakes Alive: [Rule-based agent], Food: 6, Hazards: 0
INFO 14:06:38.649079 Turn: 27, Snakes Alive: [Rule-based agent], Food: 7, Hazards: 0
INFO 14:06:38.651681 Turn: 28, Snakes Alive: [Rule-based agent], Food: 6, Hazards: 0
INFO 14:06:38.657696 Turn: 29, Snakes Alive: [Rule-based agent], Food: 6, Hazards: 0
INFO 14:06:38.662562 Turn: 30, Snakes Alive: [Rule-based agent], Food: 7, Hazards: 0
INFO 14:06:38.665611 Turn: 31, Snakes Alive: [Rule-based agent], Food: 8, Hazards: 0
INFO 14:06:38.670025 Turn: 32, Snakes Alive: [Rule-based agent], Food: 8, Hazards: 0
INFO 14:06:38.673192 Turn: 33, Snakes Alive: [Rule-based agent], Food: 8, Hazards: 0
INFO 14:06:38.678257 Turn: 34, Snakes Alive: [Rule-based agent], Food: 8, Hazards: 0
INFO 14:06:38.681758 Turn: 35, Snakes Alive: [Rule-based agent], Food: 8, Hazards: 0
INFO 14:06:38.685347 Turn: 36, Snakes Alive: [Rule-based agent], Food: 8, Hazards: 0
INFO 14:06:38.687559 Turn: 37, Snakes Alive: [Rule-based agent], Food: 7, Hazards: 0
INFO 14:06:38.692596 Turn: 38, Snakes Alive: [Rule-based agent], Food: 7, Hazards: 0
INFO 14:06:38.698722 Turn: 39, Snakes Alive: [Rule-based agent], Food: 7, Hazards: 0
INFO 14:06:38.702128 Turn: 40, Snakes Alive: [Rule-based agent], Food: 7, Hazards: 0
INFO 14:06:38.705720 Turn: 41, Snakes Alive: [Rule-based agent], Food: 7, Hazards: 0
INFO 14:06:38.738649 Turn: 42, Snakes Alive: [Rule-based agent], Food: 6, Hazards: 0
INFO 14:06:38.744932 Turn: 43, Snakes Alive: [Rule-based agent], Food: 6, Hazards: 0
INFO 14:06:38.748767 Turn: 44, Snakes Alive: [Rule-based agent], Food: 6, Hazards: 0
INFO 14:06:38.751812 Turn: 45, Snakes Alive: [Rule-based agent], Food: 6, Hazards: 0
INFO 14:06:38.753877 Turn: 46, Snakes Alive: [Rule-based agent], Food: 5, Hazards: 0
INFO 14:06:38.757571 Turn: 47, Snakes Alive: [Rule-based agent], Food: 5, Hazards: 0
INFO 14:06:38.761663 Turn: 48, Snakes Alive: [Rule-based agent], Food: 5, Hazards: 0
INFO 14:06:38.764539 Turn: 49, Snakes Alive: [Rule-based agent], Food: 5, Hazards: 0
INFO 14:06:38.766687 Turn: 50, Snakes Alive: [Rule-based agent], Food: 5, Hazards: 0
INFO 14:06:38.769580 Turn: 51, Snakes Alive: [Rule-based agent], Food: 5, Hazards: 0
INFO 14:06:38.772619 Turn: 52, Snakes Alive: [Rule-based agent], Food: 4, Hazards: 0
INFO 14:06:38.777540 Turn: 53, Snakes Alive: [Rule-based agent], Food: 4, Hazards: 0
INFO 14:06:38.780642 Turn: 54, Snakes Alive: [Rule-based agent], Food: 4, Hazards: 0
INFO 14:06:38.786201 Turn: 55, Snakes Alive: [Rule-based agent], Food: 4, Hazards: 0
INFO 14:06:38.790955 Turn: 56, Snakes Alive: [Rule-based agent], Food: 5, Hazards: 0
INFO 14:06:38.793022 Turn: 57, Snakes Alive: [Rule-based agent], Food: 5, Hazards: 0
INFO 14:06:38.796815 Turn: 58, Snakes Alive: [Rule-based agent], Food: 5, Hazards: 0
INFO 14:06:38.798854 Turn: 59, Snakes Alive: [Rule-based agent], Food: 4, Hazards: 0
INFO 14:06:38.801546 Turn: 60, Snakes Alive: [Rule-based agent], Food: 4, Hazards: 0
INFO 14:06:38.804667 Turn: 61, Snakes Alive: [Rule-based agent], Food: 4, Hazards: 0
INFO 14:06:38.807076 Turn: 62, Snakes Alive: [Rule-based agent], Food: 3, Hazards: 0
INFO 14:06:38.810573 Turn: 63, Snakes Alive: [Rule-based agent], Food: 3, Hazards: 0
INFO 14:06:38.813026 Turn: 64, Snakes Alive: [Rule-based agent], Food: 2, Hazards: 0
INFO 14:06:38.816537 Turn: 65, Snakes Alive: [Rule-based agent], Food: 2, Hazards: 0
INFO 14:06:38.820633 Turn: 66, Snakes Alive: [Rule-based agent], Food: 2, Hazards: 0
INFO 14:06:38.826520 Turn: 67, Snakes Alive: [Rule-based agent], Food: 2, Hazards: 0
INFO 14:06:38.830561 Turn: 68, Snakes Alive: [Rule-based agent], Food: 2, Hazards: 0
INFO 14:06:38.834090 Turn: 69, Snakes Alive: [Rule-based agent], Food: 2, Hazards: 0
INFO 14:06:38.837985 Turn: 70, Snakes Alive: [Rule-based agent], Food: 2, Hazards: 0
INFO 14:06:38.845019 Turn: 71, Snakes Alive: [Rule-based agent], Food: 2, Hazards: 0
INFO 14:06:38.852175 Turn: 72, Snakes Alive: [Rule-based agent], Food: 2, Hazards: 0
INFO 14:06:38.860969 Turn: 73, Snakes Alive: [Rule-based agent], Food: 3, Hazards: 0
INFO 14:06:38.864970 Turn: 74, Snakes Alive: [Rule-based agent], Food: 3, Hazards: 0
INFO 14:06:38.868394 Turn: 75, Snakes Alive: [Rule-based agent], Food: 3, Hazards: 0
INFO 14:06:38.871492 Turn: 76, Snakes Alive: [Rule-based agent], Food: 3, Hazards: 0
INFO 14:06:38.874824 Turn: 77, Snakes Alive: [Rule-based agent], Food: 3, Hazards: 0
INFO 14:06:38.879874 Turn: 78, Snakes Alive: [Rule-based agent], Food: 4, Hazards: 0
INFO 14:06:38.884262 Turn: 79, Snakes Alive: [Rule-based agent], Food: 4, Hazards: 0
INFO 14:06:38.887083 Turn: 80, Snakes Alive: [Rule-based agent], Food: 4, Hazards: 0
INFO 14:06:38.889892 Turn: 81, Snakes Alive: [Rule-based agent], Food: 4, Hazards: 0
INFO 14:06:38.892936 Turn: 82, Snakes Alive: [Rule-based agent], Food: 4, Hazards: 0
INFO 14:06:38.897445 Turn: 83, Snakes Alive: [Rule-based agent], Food: 4, Hazards: 0
INFO 14:06:38.900728 Turn: 84, Snakes Alive: [Rule-based agent], Food: 4, Hazards: 0
INFO 14:06:38.903777 Turn: 85, Snakes Alive: [Rule-based agent], Food: 4, Hazards: 0
INFO 14:06:38.906466 Turn: 86, Snakes Alive: [Rule-based agent], Food: 4, Hazards: 0
INFO 14:06:38.909977 Turn: 87, Snakes Alive: [Rule-based agent], Food: 4, Hazards: 0
INFO 14:06:38.912766 Turn: 88, Snakes Alive: [Rule-based agent], Food: 4, Hazards: 0
INFO 14:06:38.915207 Turn: 89, Snakes Alive: [Rule-based agent], Food: 4, Hazards: 0
INFO 14:06:38.917826 Turn: 90, Snakes Alive: [], Food: 4, Hazards: 0
INFO 14:06:38.919865 Game completed after 91 turns.
INFO 14:15:35.863279 Snake ID: ae07cbed-e85a-4fa1-9cf9-33b1af46ded7 URL: http://127.0.0.1:58140, Name: "Rule-based agent"
INFO 14:15:35.867061 Ruleset: solo, Seed: 100
INFO 14:15:35.867061 Turn: 0, Snakes Alive: [Rule-based agent], Food: 2, Hazards: 0
INFO 14:15:35.884697 Turn: 1, Snakes Alive: [Rule-based agent], Food: 2, Hazards: 0
INFO 14:15:35.887747 Turn: 2, Snakes Alive: [Rule-based agent], Food: 1, Hazards: 0
INFO 14:15:35.895466 Turn: 3, Snakes Alive: [Rule-based agent], Food: 2, Hazards: 0
INFO 14:15:35.902084 Turn: 4, Snakes Alive: [Rule-based agent], Food: 2, Hazards: 0
INFO 14:15:35.907843 Turn: 5, Snakes Alive: [Rule-based agent], Food: 2, Hazards: 0
INFO 14:15:35.912238 Turn: 6, Snakes Alive: [Rule-based agent], Food: 2, Hazards: 0
INFO 14:15:35.916137 Turn: 7, Snakes Alive: [Rule-based agent], Food: 2, Hazards: 0
INFO 14:15:35.926219 Turn: 8, Snakes Alive: [Rule-based agent], Food: 2, Hazards: 0
INFO 14:15:35.935757 Turn: 9, Snakes Alive: [Rule-based agent], Food: 3, Hazards: 0
INFO 14:15:35.943591 Turn: 10, Snakes Alive: [Rule-based agent], Food: 3, Hazards: 0
INFO 14:15:35.952096 Turn: 11, Snakes Alive: [Rule-based agent], Food: 3, Hazards: 0
INFO 14:15:35.958163 Turn: 12, Snakes Alive: [Rule-based agent], Food: 3, Hazards: 0
INFO 14:15:35.963897 Turn: 13, Snakes Alive: [Rule-based agent], Food: 4, Hazards: 0
INFO 14:15:35.967803 Turn: 14, Snakes Alive: [Rule-based agent], Food: 4, Hazards: 0
INFO 14:15:35.974375 Turn: 15, Snakes Alive: [Rule-based agent], Food: 4, Hazards: 0
INFO 14:15:35.978374 Turn: 16, Snakes Alive: [Rule-based agent], Food: 4, Hazards: 0
INFO 14:15:35.982416 Turn: 17, Snakes Alive: [Rule-based agent], Food: 5, Hazards: 0
INFO 14:15:35.985559 Turn: 18, Snakes Alive: [Rule-based agent], Food: 4, Hazards: 0
INFO 14:15:35.997677 Turn: 19, Snakes Alive: [Rule-based agent], Food: 4, Hazards: 0
INFO 14:15:36.010552 Turn: 20, Snakes Alive: [Rule-based agent], Food: 4, Hazards: 0
INFO 14:15:36.020147 Turn: 21, Snakes Alive: [Rule-based agent], Food: 4, Hazards: 0
INFO 14:15:36.029315 Turn: 22, Snakes Alive: [Rule-based agent], Food: 4, Hazards: 0
INFO 14:15:36.038373 Turn: 23, Snakes Alive: [Rule-based agent], Food: 5, Hazards: 0
INFO 14:15:36.042817 Turn: 24, Snakes Alive: [Rule-based agent], Food: 5, Hazards: 0
INFO 14:15:36.046238 Turn: 25, Snakes Alive: [Rule-based agent], Food: 5, Hazards: 0
INFO 14:15:36.051081 Turn: 26, Snakes Alive: [Rule-based agent], Food: 6, Hazards: 0
INFO 14:15:36.055114 Turn: 27, Snakes Alive: [Rule-based agent], Food: 7, Hazards: 0
INFO 14:15:36.058358 Turn: 28, Snakes Alive: [Rule-based agent], Food: 6, Hazards: 0
INFO 14:15:36.063976 Turn: 29, Snakes Alive: [Rule-based agent], Food: 6, Hazards: 0
INFO 14:15:36.070196 Turn: 30, Snakes Alive: [Rule-based agent], Food: 7, Hazards: 0
INFO 14:15:36.073887 Turn: 31, Snakes Alive: [Rule-based agent], Food: 8, Hazards: 0
INFO 14:15:36.077324 Turn: 32, Snakes Alive: [Rule-based agent], Food: 8, Hazards: 0
INFO 14:15:36.079834 Turn: 33, Snakes Alive: [Rule-based agent], Food: 8, Hazards: 0
INFO 14:15:36.085087 Turn: 34, Snakes Alive: [Rule-based agent], Food: 8, Hazards: 0
INFO 14:15:36.089295 Turn: 35, Snakes Alive: [Rule-based agent], Food: 8, Hazards: 0
INFO 14:15:36.092967 Turn: 36, Snakes Alive: [Rule-based agent], Food: 8, Hazards: 0
INFO 14:15:36.095881 Turn: 37, Snakes Alive: [Rule-based agent], Food: 7, Hazards: 0
INFO 14:15:36.101321 Turn: 38, Snakes Alive: [Rule-based agent], Food: 7, Hazards: 0
INFO 14:15:36.106229 Turn: 39, Snakes Alive: [Rule-based agent], Food: 7, Hazards: 0
INFO 14:15:36.109621 Turn: 40, Snakes Alive: [Rule-based agent], Food: 7, Hazards: 0
INFO 14:15:36.112843 Turn: 41, Snakes Alive: [Rule-based agent], Food: 7, Hazards: 0
INFO 14:15:36.141369 Turn: 42, Snakes Alive: [Rule-based agent], Food: 6, Hazards: 0
INFO 14:15:36.147086 Turn: 43, Snakes Alive: [Rule-based agent], Food: 6, Hazards: 0
INFO 14:15:36.151333 Turn: 44, Snakes Alive: [Rule-based agent], Food: 6, Hazards: 0
INFO 14:15:36.154983 Turn: 45, Snakes Alive: [Rule-based agent], Food: 6, Hazards: 0
INFO 14:15:36.158611 Turn: 46, Snakes Alive: [Rule-based agent], Food: 5, Hazards: 0
INFO 14:15:36.162121 Turn: 47, Snakes Alive: [Rule-based agent], Food: 5, Hazards: 0
INFO 14:15:36.166296 Turn: 48, Snakes Alive: [Rule-based agent], Food: 5, Hazards: 0
INFO 14:15:36.169307 Turn: 49, Snakes Alive: [Rule-based agent], Food: 5, Hazards: 0
INFO 14:15:36.172150 Turn: 50, Snakes Alive: [Rule-based agent], Food: 5, Hazards: 0
INFO 14:15:36.175221 Turn: 51, Snakes Alive: [Rule-based agent], Food: 5, Hazards: 0
INFO 14:15:36.177735 Turn: 52, Snakes Alive: [Rule-based agent], Food: 4, Hazards: 0
INFO 14:15:36.181972 Turn: 53, Snakes Alive: [Rule-based agent], Food: 4, Hazards: 0
INFO 14:15:36.185197 Turn: 54, Snakes Alive: [Rule-based agent], Food: 4, Hazards: 0
INFO 14:15:36.190234 Turn: 55, Snakes Alive: [Rule-based agent], Food: 4, Hazards: 0
INFO 14:15:36.194307 Turn: 56, Snakes Alive: [Rule-based agent], Food: 5, Hazards: 0
INFO 14:15:36.198238 Turn: 57, Snakes Alive: [Rule-based agent], Food: 5, Hazards: 0
INFO 14:15:36.201587 Turn: 58, Snakes Alive: [Rule-based agent], Food: 5, Hazards: 0
INFO 14:15:36.204677 Turn: 59, Snakes Alive: [Rule-based agent], Food: 4, Hazards: 0
INFO 14:15:36.209379 Turn: 60, Snakes Alive: [Rule-based agent], Food: 4, Hazards: 0
INFO 14:15:36.213368 Turn: 61, Snakes Alive: [Rule-based agent], Food: 4, Hazards: 0
INFO 14:15:36.217923 Turn: 62, Snakes Alive: [Rule-based agent], Food: 3, Hazards: 0
INFO 14:15:36.223307 Turn: 63, Snakes Alive: [Rule-based agent], Food: 3, Hazards: 0
INFO 14:15:36.226344 Turn: 64, Snakes Alive: [Rule-based agent], Food: 2, Hazards: 0
INFO 14:15:36.230900 Turn: 65, Snakes Alive: [Rule-based agent], Food: 2, Hazards: 0
INFO 14:15:36.237164 Turn: 66, Snakes Alive: [Rule-based agent], Food: 2, Hazards: 0
INFO 14:15:36.242113 Turn: 67, Snakes Alive: [Rule-based agent], Food: 2, Hazards: 0
INFO 14:15:36.246488 Turn: 68, Snakes Alive: [Rule-based agent], Food: 2, Hazards: 0
INFO 14:15:36.251109 Turn: 69, Snakes Alive: [Rule-based agent], Food: 2, Hazards: 0
INFO 14:15:36.255721 Turn: 70, Snakes Alive: [Rule-based agent], Food: 2, Hazards: 0
INFO 14:15:36.262793 Turn: 71, Snakes Alive: [Rule-based agent], Food: 2, Hazards: 0
INFO 14:15:36.269882 Turn: 72, Snakes Alive: [Rule-based agent], Food: 2, Hazards: 0
INFO 14:15:36.276508 Turn: 73, Snakes Alive: [Rule-based agent], Food: 3, Hazards: 0
INFO 14:15:36.280567 Turn: 74, Snakes Alive: [Rule-based agent], Food: 3, Hazards: 0
INFO 14:15:36.284573 Turn: 75, Snakes Alive: [Rule-based agent], Food: 3, Hazards: 0
INFO 14:15:36.288373 Turn: 76, Snakes Alive: [Rule-based agent], Food: 3, Hazards: 0
INFO 14:15:36.291195 Turn: 77, Snakes Alive: [Rule-based agent], Food: 3, Hazards: 0
INFO 14:15:36.295726 Turn: 78, Snakes Alive: [Rule-based agent], Food: 4, Hazards: 0
INFO 14:15:36.300358 Turn: 79, Snakes Alive: [Rule-based agent], Food: 4, Hazards: 0
INFO 14:15:36.303627 Turn: 80, Snakes Alive: [Rule-based agent], Food: 4, Hazards: 0
INFO 14:15:36.306875 Turn: 81, Snakes Alive: [Rule-based agent], Food: 4, Hazards: 0
INFO 14:15:36.310370 Turn: 82, Snakes Alive: [Rule-based agent], Food: 4, Hazards: 0
INFO 14:15:36.314130 Turn: 83, Snakes Alive: [Rule-based agent], Food: 4, Hazards: 0
INFO 14:15:36.318219 Turn: 84, Snakes Alive: [Rule-based agent], Food: 4, Hazards: 0
INFO 14:15:36.321387 Turn: 85, Snakes Alive: [Rule-based agent], Food: 4, Hazards: 0
INFO 14:15:36.324822 Turn: 86, Snakes Alive: [Rule-based agent], Food: 4, Hazards: 0
INFO 14:15:36.328051 Turn: 87, Snakes Alive: [Rule-based agent], Food: 4, Hazards: 0
INFO 14:15:36.331566 Turn: 88, Snakes Alive: [Rule-based agent], Food: 4, Hazards: 0
INFO 14:15:36.335011 Turn: 89, Snakes Alive: [Rule-based agent], Food: 4, Hazards: 0
INFO 14:15:36.338085 Turn: 90, Snakes Alive: [], Food: 4, Hazards: 0
INFO 14:15:36.340135 Game completed after 91 turns.
INFO 14:17:20.226579 Snake ID: 0e9d103c-f453-4207-862b-28f8c7ec995d URL: http://127.0.0.1:51707, Name: "Rule-based agent"
INFO 14:17:20.228696 Ruleset: solo, Seed: 100
INFO 14:17:20.228696 Turn: 0, Snakes Alive: [Rule-based agent], Food: 2, Hazards: 0
INFO 14:17:20.257158 Turn: 1, Snakes Alive: [Rule-based agent], Food: 2, Hazards: 0
INFO 14:17:20.259187 Turn: 2, Snakes Alive: [Rule-based agent], Food: 1, Hazards: 0
INFO 14:17:20.267388 Turn: 3, Snakes Alive: [Rule-based agent], Food: 2, Hazards: 0
INFO 14:17:20.274262 Turn: 4, Snakes Alive: [Rule-based agent], Food: 2, Hazards: 0
INFO 14:17:20.278122 Turn: 5, Snakes Alive: [Rule-based agent], Food: 2, Hazards: 0
INFO 14:17:20.281675 Turn: 6, Snakes Alive: [Rule-based agent], Food: 2, Hazards: 0
INFO 14:17:20.284301 Turn: 7, Snakes Alive: [Rule-based agent], Food: 2, Hazards: 0
INFO 14:17:20.296324 Turn: 8, Snakes Alive: [Rule-based agent], Food: 2, Hazards: 0
INFO 14:17:20.306579 Turn: 9, Snakes Alive: [Rule-based agent], Food: 3, Hazards: 0
INFO 14:17:20.316378 Turn: 10, Snakes Alive: [Rule-based agent], Food: 3, Hazards: 0
INFO 14:17:20.323455 Turn: 11, Snakes Alive: [Rule-based agent], Food: 3, Hazards: 0
INFO 14:17:20.329341 Turn: 12, Snakes Alive: [Rule-based agent], Food: 3, Hazards: 0
INFO 14:17:20.333762 Turn: 13, Snakes Alive: [Rule-based agent], Food: 4, Hazards: 0
INFO 14:17:20.336467 Turn: 14, Snakes Alive: [Rule-based agent], Food: 4, Hazards: 0
INFO 14:17:20.343895 Turn: 15, Snakes Alive: [Rule-based agent], Food: 4, Hazards: 0
INFO 14:17:20.348576 Turn: 16, Snakes Alive: [Rule-based agent], Food: 4, Hazards: 0
INFO 14:17:20.352401 Turn: 17, Snakes Alive: [Rule-based agent], Food: 5, Hazards: 0
INFO 14:17:20.354594 Turn: 18, Snakes Alive: [Rule-based agent], Food: 4, Hazards: 0
INFO 14:17:20.374267 Turn: 19, Snakes Alive: [Rule-based agent], Food: 4, Hazards: 0
INFO 14:17:20.390799 Turn: 20, Snakes Alive: [Rule-based agent], Food: 4, Hazards: 0
INFO 14:17:20.404129 Turn: 21, Snakes Alive: [Rule-based agent], Food: 4, Hazards: 0
INFO 14:17:20.416592 Turn: 22, Snakes Alive: [Rule-based agent], Food: 4, Hazards: 0
INFO 14:17:20.426612 Turn: 23, Snakes Alive: [Rule-based agent], Food: 5, Hazards: 0
INFO 14:17:20.431641 Turn: 24, Snakes Alive: [Rule-based agent], Food: 5, Hazards: 0
INFO 14:17:20.434667 Turn: 25, Snakes Alive: [Rule-based agent], Food: 5, Hazards: 0
INFO 14:17:20.439527 Turn: 26, Snakes Alive: [Rule-based agent], Food: 6, Hazards: 0
INFO 14:17:20.443312 Turn: 27, Snakes Alive: [Rule-based agent], Food: 7, Hazards: 0
INFO 14:17:20.446281 Turn: 28, Snakes Alive: [Rule-based agent], Food: 6, Hazards: 0
INFO 14:17:20.453325 Turn: 29, Snakes Alive: [Rule-based agent], Food: 6, Hazards: 0
INFO 14:17:20.459442 Turn: 30, Snakes Alive: [Rule-based agent], Food: 7, Hazards: 0
INFO 14:17:20.463483 Turn: 31, Snakes Alive: [Rule-based agent], Food: 8, Hazards: 0
INFO 14:17:20.466572 Turn: 32, Snakes Alive: [Rule-based agent], Food: 8, Hazards: 0
INFO 14:17:20.468988 Turn: 33, Snakes Alive: [Rule-based agent], Food: 8, Hazards: 0
INFO 14:17:20.474496 Turn: 34, Snakes Alive: [Rule-based agent], Food: 8, Hazards: 0
INFO 14:17:20.478620 Turn: 35, Snakes Alive: [Rule-based agent], Food: 8, Hazards: 0
INFO 14:17:20.482665 Turn: 36, Snakes Alive: [Rule-based agent], Food: 8, Hazards: 0
INFO 14:17:20.485306 Turn: 37, Snakes Alive: [Rule-based agent], Food: 7, Hazards: 0
INFO 14:17:20.491803 Turn: 38, Snakes Alive: [Rule-based agent], Food: 7, Hazards: 0
INFO 14:17:20.498168 Turn: 39, Snakes Alive: [Rule-based agent], Food: 7, Hazards: 0
INFO 14:17:20.503197 Turn: 40, Snakes Alive: [Rule-based agent], Food: 7, Hazards: 0
INFO 14:17:20.506745 Turn: 41, Snakes Alive: [Rule-based agent], Food: 7, Hazards: 0
INFO 14:17:20.537253 Turn: 42, Snakes Alive: [Rule-based agent], Food: 6, Hazards: 0
INFO 14:17:20.545136 Turn: 43, Snakes Alive: [Rule-based agent], Food: 6, Hazards: 0
INFO 14:17:20.550079 Turn: 44, Snakes Alive: [Rule-based agent], Food: 6, Hazards: 0
INFO 14:17:20.553585 Turn: 45, Snakes Alive: [Rule-based agent], Food: 6, Hazards: 0
INFO 14:17:20.555610 Turn: 46, Snakes Alive: [Rule-based agent], Food: 5, Hazards: 0
INFO 14:17:20.559851 Turn: 47, Snakes Alive: [Rule-based agent], Food: 5, Hazards: 0
INFO 14:17:20.564876 Turn: 48, Snakes Alive: [Rule-based agent], Food: 5, Hazards: 0
INFO 14:17:20.567644 Turn: 49, Snakes Alive: [Rule-based agent], Food: 5, Hazards: 0
INFO 14:17:20.570082 Turn: 50, Snakes Alive: [Rule-based agent], Food: 5, Hazards: 0
INFO 14:17:20.572851 Turn: 51, Snakes Alive: [Rule-based agent], Food: 5, Hazards: 0
INFO 14:17:20.575246 Turn: 52, Snakes Alive: [Rule-based agent], Food: 4, Hazards: 0
INFO 14:17:20.580274 Turn: 53, Snakes Alive: [Rule-based agent], Food: 4, Hazards: 0
INFO 14:17:20.583020 Turn: 54, Snakes Alive: [Rule-based agent], Food: 4, Hazards: 0
INFO 14:17:20.590257 Turn: 55, Snakes Alive: [Rule-based agent], Food: 4, Hazards: 0
INFO 14:17:20.596778 Turn: 56, Snakes Alive: [Rule-based agent], Food: 5, Hazards: 0
INFO 14:17:20.603505 Turn: 57, Snakes Alive: [Rule-based agent], Food: 5, Hazards: 0
INFO 14:17:20.607028 Turn: 58, Snakes Alive: [Rule-based agent], Food: 5, Hazards: 0
INFO 14:17:20.609422 Turn: 59, Snakes Alive: [Rule-based agent], Food: 4, Hazards: 0
INFO 14:17:20.613931 Turn: 60, Snakes Alive: [Rule-based agent], Food: 4, Hazards: 0
INFO 14:17:20.617576 Turn: 61, Snakes Alive: [Rule-based agent], Food: 4, Hazards: 0
INFO 14:17:20.620105 Turn: 62, Snakes Alive: [Rule-based agent], Food: 3, Hazards: 0
INFO 14:17:20.623611 Turn: 63, Snakes Alive: [Rule-based agent], Food: 3, Hazards: 0
INFO 14:17:20.626052 Turn: 64, Snakes Alive: [Rule-based agent], Food: 2, Hazards: 0
INFO 14:17:20.632556 Turn: 65, Snakes Alive: [Rule-based agent], Food: 2, Hazards: 0
INFO 14:17:20.638879 Turn: 66, Snakes Alive: [Rule-based agent], Food: 2, Hazards: 0
INFO 14:17:20.648287 Turn: 67, Snakes Alive: [Rule-based agent], Food: 2, Hazards: 0
INFO 14:17:20.655247 Turn: 68, Snakes Alive: [Rule-based agent], Food: 2, Hazards: 0
INFO 14:17:20.660940 Turn: 69, Snakes Alive: [Rule-based agent], Food: 2, Hazards: 0
INFO 14:17:20.666962 Turn: 70, Snakes Alive: [Rule-based agent], Food: 2, Hazards: 0
INFO 14:17:20.677894 Turn: 71, Snakes Alive: [Rule-based agent], Food: 2, Hazards: 0
INFO 14:17:20.689933 Turn: 72, Snakes Alive: [Rule-based agent], Food: 2, Hazards: 0
INFO 14:17:20.701153 Turn: 73, Snakes Alive: [Rule-based agent], Food: 3, Hazards: 0
INFO 14:17:20.705613 Turn: 74, Snakes Alive: [Rule-based agent], Food: 3, Hazards: 0
INFO 14:17:20.709611 Turn: 75, Snakes Alive: [Rule-based agent], Food: 3, Hazards: 0
INFO 14:17:20.713518 Turn: 76, Snakes Alive: [Rule-based agent], Food: 3, Hazards: 0
INFO 14:17:20.716430 Turn: 77, Snakes Alive: [Rule-based agent], Food: 3, Hazards: 0
INFO 14:17:20.723253 Turn: 78, Snakes Alive: [Rule-based agent], Food: 4, Hazards: 0
INFO 14:17:20.728847 Turn: 79, Snakes Alive: [Rule-based agent], Food: 4, Hazards: 0
INFO 14:17:20.732557 Turn: 80, Snakes Alive: [Rule-based agent], Food: 4, Hazards: 0
INFO 14:17:20.735027 Turn: 81, Snakes Alive: [Rule-based agent], Food: 4, Hazards: 0
INFO 14:17:20.739051 Turn: 82, Snakes Alive: [Rule-based agent], Food: 4, Hazards: 0
INFO 14:17:20.743120 Turn: 83, Snakes Alive: [Rule-based agent], Food: 4, Hazards: 0
INFO 14:17:20.747173 Turn: 84, Snakes Alive: [Rule-based agent], Food: 4, Hazards: 0
INFO 14:17:20.750727 Turn: 85, Snakes Alive: [Rule-based agent], Food: 4, Hazards: 0
INFO 14:17:20.753655 Turn: 86, Snakes Alive: [Rule-based agent], Food: 4, Hazards: 0
INFO 14:17:20.756161 Turn: 87, Snakes Alive: [Rule-based agent], Food: 4, Hazards: 0
INFO 14:17:20.758713 Turn: 88, Snakes Alive: [Rule-based agent], Food: 4, Hazards: 0
INFO 14:17:20.761244 Turn: 89, Snakes Alive: [Rule-based agent], Food: 4, Hazards: 0
INFO 14:17:20.764519 Turn: 90, Snakes Alive: [], Food: 4, Hazards: 0
INFO 14:17:20.766162 Game completed after 91 turns.
INFO 14:18:14.173761 Snake ID: e5037b5b-d4dc-4345-8f05-e6af3ba65e67 URL: http://127.0.0.1:50146, Name: "Rule-based agent"
INFO 14:18:14.177026 Ruleset: solo, Seed: 100
INFO 14:18:14.177026 Turn: 0, Snakes Alive: [Rule-based agent], Food: 2, Hazards: 0
WARN 14:18:14.191121 Got non-ok status code from http://127.0.0.1:50146/move
	StatusCode: 500 (expected 200)
	Body: "<!doctype html>\n<html lang=en>\n<title>500 Internal Server Error</title>\n<h1>Internal Server Error</h1>\n<p>The server encountered an internal error and was unable to complete your request. Either the server is overloaded or there is an error in the application.</p>\n"
INFO 14:18:14.191121 Turn: 1, Snakes Alive: [Rule-based agent], Food: 2, Hazards: 0
WARN 14:18:14.196696 Got non-ok status code from http://127.0.0.1:50146/move
	StatusCode: 500 (expected 200)
	Body: "<!doctype html>\n<html lang=en>\n<title>500 Internal Server Error</title>\n<h1>Internal Server Error</h1>\n<p>The server encountered an internal error and was unable to complete your request. Either the server is overloaded or there is an error in the application.</p>\n"
INFO 14:18:14.196696 Turn: 2, Snakes Alive: [Rule-based agent], Food: 2, Hazards: 0
WARN 14:18:14.203237 Got non-ok status code from http://127.0.0.1:50146/move
	StatusCode: 500 (expected 200)
	Body: "<!doctype html>\n<html lang=en>\n<title>500 Internal Server Error</title>\n<h1>Internal Server Error</h1>\n<p>The server encountered an internal error and was unable to complete your request. Either the server is overloaded or there is an error in the application.</p>\n"
INFO 14:18:14.203237 Turn: 3, Snakes Alive: [Rule-based agent], Food: 3, Hazards: 0
WARN 14:18:14.209281 Got non-ok status code from http://127.0.0.1:50146/move
	StatusCode: 500 (expected 200)
	Body: "<!doctype html>\n<html lang=en>\n<title>500 Internal Server Error</title>\n<h1>Internal Server Error</h1>\n<p>The server encountered an internal error and was unable to complete your request. Either the server is overloaded or there is an error in the application.</p>\n"
INFO 14:18:14.209281 Turn: 4, Snakes Alive: [Rule-based agent], Food: 3, Hazards: 0
WARN 14:18:14.217257 Got non-ok status code from http://127.0.0.1:50146/move
	StatusCode: 500 (expected 200)
	Body: "<!doctype html>\n<html lang=en>\n<title>500 Internal Server Error</title>\n<h1>Internal Server Error</h1>\n<p>The server encountered an internal error and was unable to complete your request. Either the server is overloaded or there is an error in the application.</p>\n"
INFO 14:18:14.217257 Turn: 5, Snakes Alive: [Rule-based agent], Food: 3, Hazards: 0
WARN 14:18:14.223312 Got non-ok status code from http://127.0.0.1:50146/move
	StatusCode: 500 (expected 200)
	Body: "<!doctype html>\n<html lang=en>\n<title>500 Internal Server Error</title>\n<h1>Internal Server Error</h1>\n<p>The server encountered an internal error and was unable to complete your request. Either the server is overloaded or there is an error in the application.</p>\n"
INFO 14:18:14.223312 Turn: 6, Snakes Alive: [], Food: 3, Hazards: 0
INFO 14:18:14.225451 Game completed after 7 turns.
INFO 14:18:14.266751 Snake ID: fed6a6ca-4a98-45e0-a999-c750a1f37b89 URL: http://127.0.0.1:50146, Name: "Rule-based agent"
INFO 14:18:14.270979 Ruleset: solo, Seed: 101
INFO 14:18:14.271751 Turn: 0, Snakes Alive: [Rule-based agent], Food: 2, Hazards: 0
WARN 14:18:14.300296 Got non-ok status code from http://127.0.0.1:50146/move
	StatusCode: 500 (expected 200)
	Body: "<!doctype html>\n<html lang=en>\n<title>500 Internal Server Error</title>\n<h1>Internal Server Error</h1>\n<p>The server encountered an internal error and was unable to complete your request. Either the server is overloaded or there is an error in the application.</p>\n"
INFO 14:18:14.300296 Turn: 1, Snakes Alive: [Rule-based agent], Food: 2, Hazards: 0
WARN 14:18:14.307674 Got non-ok status code from http://127.0.0.1:50146/move
	StatusCode: 500 (expected 200)
	Body: "<!doctype html>\n<html lang=en>\n<title>500 Internal Server Error</title>\n<h1>Internal Server Error</h1>\n<p>The server encountered an internal error and was unable to complete your request. Either the server is overloaded or there is an error in the application.</p>\n"
INFO 14:18:14.307674 Turn: 2, Snakes Alive: [Rule-based agent], Food: 3, Hazards: 0
WARN 14:18:14.315604 Got non-ok status code from http://127.0.0.1:50146/move
	StatusCode: 500 (expected 200)
	Body: "<!doctype html>\n<html lang=en>\n<title>500 Internal Server Error</title>\n<h1>Internal Server Error</h1>\n<p>The server encountered an internal error and was unable to complete your request. Either the server is overloaded or there is an error in the application.</p>\n"
INFO 14:18:14.315604 Turn: 3, Snakes Alive: [Rule-based agent], Food: 3, Hazards: 0
WARN 14:18:14.322477 Got non-ok status code from http://127.0.0.1:50146/move
	StatusCode: 500 (expected 200)
	Body: "<!doctype html>\n<html lang=en>\n<title>500 Internal Server Error</title>\n<h1>Internal Server Error</h1>\n<p>The server encountered an internal error and was unable to complete your request. Either the server is overloaded or there is an error in the application.</p>\n"
INFO 14:18:14.322477 Turn: 4, Snakes Alive: [Rule-based agent], Food: 2, Hazards: 0
WARN 14:18:14.431310 Got non-ok status code from http://127.0.0.1:50146/move
	StatusCode: 500 (expected 200)
	Body: "<!doctype html>\n<html lang=en>\n<title>500 Internal Server Error</title>\n<h1>Internal Server Error</h1>\n<p>The server encountered an internal error and was unable to complete your request. Either the server is overloaded or there is an error in the application.</p>\n"
INFO 14:18:14.431310 Turn: 5, Snakes Alive: [Rule-based agent], Food: 2, Hazards: 0
WARN 14:18:14.458411 Got non-ok status code from http://127.0.0.1:50146/move
	StatusCode: 500 (expected 200)
	Body: "<!doctype html>\n<html lang=en>\n<title>500 Internal Server Error</title>\n<h1>Internal Server Error</h1>\n<p>The server encountered an internal error and was unable to complete your request. Either the server is overloaded or there is an error in the application.</p>\n"
INFO 14:18:14.458411 Turn: 6, Snakes Alive: [Rule-based agent], Food: 3, Hazards: 0
WARN 14:18:14.468517 Got non-ok status code from http://127.0.0.1:50146/move
	StatusCode: 500 (expected 200)
	Body: "<!doctype html>\n<html lang=en>\n<title>500 Internal Server Error</title>\n<h1>Internal Server Error</h1>\n<p>The server encountered an internal error and was unable to complete your request. Either the server is overloaded or there is an error in the application.</p>\n"
INFO 14:18:14.468517 Turn: 7, Snakes Alive: [Rule-based agent], Food: 3, Hazards: 0
WARN 14:18:14.477034 Got non-ok status code from http://127.0.0.1:50146/move
	StatusCode: 500 (expected 200)
	Body: "<!doctype html>\n<html lang=en>\n<title>500 Internal Server Error</title>\n<h1>Internal Server Error</h1>\n<p>The server encountered an internal error and was unable to complete your request. Either the server is overloaded or there is an error in the application.</p>\n"
INFO 14:18:14.477034 Turn: 8, Snakes Alive: [Rule-based agent], Food: 4, Hazards: 0
WARN 14:18:14.482172 Got non-ok status code from http://127.0.0.1:50146/move
	StatusCode: 500 (expected 200)
	Body: "<!doctype html>\n<html lang=en>\n<title>500 Internal Server Error</title>\n<h1>Internal Server Error</h1>\n<p>The server encountered an internal error and was unable to complete your request. Either the server is overloaded or there is an error in the application.</p>\n"
INFO 14:18:14.482172 Turn: 9, Snakes Alive: [Rule-based agent], Food: 4, Hazards: 0
WARN 14:18:14.487327 Got non-ok status code from http://127.0.0.1:50146/move
	StatusCode: 500 (expected 200)
	Body: "<!doctype html>\n<html lang=en>\n<title>500 Internal Server Error</title>\n<h1>Internal Server Error</h1>\n<p>The server encountered an internal error and was unable to complete your request. Either the server is overloaded or there is an error in the application.</p>\n"
INFO 14:18:14.487327 Turn: 10, Snakes Alive: [], Food: 4, Hazards: 0
INFO 14:18:14.489467 Game completed after 11 turns.
INFO 14:18:14.533150 Snake ID: 64c5dd49-6f8a-4030-9f1b-ddb2bf27acb9 URL: http://127.0.0.1:50146, Name: "Rule-based agent"
INFO 14:18:14.536958 Ruleset: solo, Seed: 102
INFO 14:18:14.537652 Turn: 0, Snakes Alive: [Rule-based agent], Food: 2, Hazards: 0
WARN 14:18:14.565687 Got non-ok status code from http://127.0.0.1:50146/move
	StatusCode: 500 (expected 200)
	Body: "<!doctype html>\n<html lang=en>\n<title>500 Internal Server Error</title>\n<h1>Internal Server Error</h1>\n<p>The server encountered an internal error and was unable to complete your request. Either the server is overloaded or there is an error in the application.</p>\n"
INFO 14:18:14.565687 Turn: 1, Snakes Alive: [Rule-based agent], Food: 3, Hazards: 0
WARN 14:18:14.569328 Got non-ok status code from http://127.0.0.1:50146/move
	StatusCode: 500 (expected 200)
	Body: "<!doctype html>\n<html lang=en>\n<title>500 Internal Server Error</title>\n<h1>Internal Server Error</h1>\n<p>The server encountered an internal error and was unable to complete your request. Either the server is overloaded or there is an error in the application.</p>\n"
INFO 14:18:14.569328 Turn: 2, Snakes Alive: [], Food: 3, Hazards: 0
INFO 14:18:14.571963 Game completed after 3 turns.
INFO 14:18:14.611984 Snake ID: 3849d248-a734-4c9a-8616-8c884f7ca62e URL: http://127.0.0.1:50146, Name: "Rule-based agent"
INFO 14:18:14.614080 Ruleset: solo, Seed: 103
INFO 14:18:14.614080 Turn: 0, Snakes Alive: [Rule-based agent], Food: 2, Hazards: 0
WARN 14:18:14.645411 Got non-ok status code from http://127.0.0.1:50146/move
	StatusCode: 500 (expected 200)
	Body: "<!doctype html>\n<html lang=en>\n<title>500 Internal Server Error</title>\n<h1>Internal Server Error</h1>\n<p>The server encountered an internal error and was unable to complete your request. Either the server is overloaded or there is an error in the application.</p>\n"
INFO 14:18:14.645411 Turn: 1, Snakes Alive: [Rule-based agent], Food: 2, Hazards: 0
WARN 14:18:14.650178 Got non-ok status code from http://127.0.0.1:50146/move
	StatusCode: 500 (expected 200)
	Body: "<!doctype html>\n<html lang=en>\n<title>500 Internal Server Error</title>\n<h1>Internal Server Error</h1>\n<p>The server encountered an internal error and was unable to complete your request. Either the server is overloaded or there is an error in the application.</p>\n"
INFO 14:18:14.650178 Turn: 2, Snakes Alive: [Rule-based agent], Food: 2, Hazards: 0
WARN 14:18:14.655748 Got non-ok status code from http://127.0.0.1:50146/move
	StatusCode: 500 (expected 200)
	Body: "<!doctype html>\n<html lang=en>\n<title>500 Internal Server Error</title>\n<h1>Internal Server Error</h1>\n<p>The server encountered an internal error and was unable to complete your request. Either the server is overloaded or there is an error in the application.</p>\n"
INFO 14:18:14.655748 Turn: 3, Snakes Alive: [Rule-based agent], Food: 2, Hazards: 0
WARN 14:18:14.662516 Got non-ok status code from http://127.0.0.1:50146/move
	StatusCode: 500 (expected 200)
	Body: "<!doctype html>\n<html lang=en>\n<title>500 Internal Server Error</title>\n<h1>Internal Server Error</h1>\n<p>The server encountered an internal error and was unable to complete your request. Either the server is overloaded or there is an error in the application.</p>\n"
INFO 14:18:14.662516 Turn: 4, Snakes Alive: [Rule-based agent], Food: 3, Hazards: 0
WARN 14:18:14.669933 Got non-ok status code from http://127.0.0.1:50146/move
	StatusCode: 500 (expected 200)
	Body: "<!doctype html>\n<html lang=en>\n<title>500 Internal Server Error</title>\n<h1>Internal Server Error</h1>\n<p>The server encountered an internal error and was unable to complete your request. Either the server is overloaded or there is an error in the application.</p>\n"
INFO 14:18:14.669933 Turn: 5, Snakes Alive: [Rule-based agent], Food: 3, Hazards: 0
WARN 14:18:14.678608 Got non-ok status code from http://127.0.0.1:50146/move
	StatusCode: 500 (expected 200)
	Body: "<!doctype html>\n<html lang=en>\n<title>500 Internal Server Error</title>\n<h1>Internal Server Error</h1>\n<p>The server encountered an internal error and was unable to complete your request. Either the server is overloaded or there is an error in the application.</p>\n"
INFO 14:18:14.678608 Turn: 6, Snakes Alive: [Rule-based agent], Food: 4, Hazards: 0
WARN 14:18:14.687974 Got non-ok status code from http://127.0.0.1:50146/move
	StatusCode: 500 (expected 200)
	Body: "<!doctype html>\n<html lang=en>\n<title>500 Internal Server Error</title>\n<h1>Internal Server Error</h1>\n<p>The server encountered an internal error and was unable to complete your request. Either the server is overloaded or there is an error in the application.</p>\n"
INFO 14:18:14.687974 Turn: 7, Snakes Alive: [Rule-based agent], Food: 4, Hazards: 0
WARN 14:18:14.698138 Got non-ok status code from http://127.0.0.1:50146/move
	StatusCode: 500 (expected 200)
	Body: "<!doctype html>\n<html lang=en>\n<title>500 Internal Server Error</title>\n<h1>Internal Server Error</h1>\n<p>The server encountered an internal error and was unable to complete your request. Either the server is overloaded or there is an error in the application.</p>\n"
INFO 14:18:14.698138 Turn: 8, Snakes Alive: [Rule-based agent], Food: 4, Hazards: 0
WARN 14:18:14.709793 Got non-ok status code from http://127.0.0.1:50146/move
	StatusCode: 500 (expected 200)
	Body: "<!doctype html>\n<html lang=en>\n<title>500 Internal Server Error</title>\n<h1>Internal Server Error</h1>\n<p>The server encountered an internal error and was unable to complete your request. Either the server is overloaded or there is an error in the application.</p>\n"
INFO 14:18:14.709793 Turn: 9, Snakes Alive: [Rule-based agent], Food: 4, Hazards: 0
WARN 14:18:14.722478 Got non-ok status code from http://127.0.0.1:50146/move
	StatusCode: 500 (expected 200)
	Body: "<!doctype html>\n<html lang=en>\n<title>500 Internal Server Error</title>\n<h1>Internal Server Error</h1>\n<p>The server encountered an internal error and was unable to complete your request. Either the server is overloaded or there is an error in the application.</p>\n"
INFO 14:18:14.722478 Turn: 10, Snakes Alive: [], Food: 5, Hazards: 0
INFO 14:18:14.724569 Game completed after 11 turns.
INFO 14:18:14.765738 Snake ID: 2305c58f-b09c-420e-84ef-049163561729 URL: http://127.0.0.1:50146, Name: "Rule-based agent"
INFO 14:18:14.767340 Ruleset: solo, Seed: 104
INFO 14:18:14.767340 Turn: 0, Snakes Alive: [Rule-based agent], Food: 2, Hazards: 0
WARN 14:18:14.781366 Got non-ok status code from http://127.0.0.1:50146/move
	StatusCode: 500 (expected 200)
	Body: "<!doctype html>\n<html lang=en>\n<title>500 Internal Server Error</title>\n<h1>Internal Server Error</h1>\n<p>The server encountered an internal error and was unable to complete your request. Either the server is overloaded or there is an error in the application.</p>\n"
INFO 14:18:14.781886 Turn: 1, Snakes Alive: [Rule-based agent], Food: 2, Hazards: 0
WARN 14:18:14.785573 Got non-ok status code from http://127.0.0.1:50146/move
	StatusCode: 500 (expected 200)
	Body: "<!doctype html>\n<html lang=en>\n<title>500 Internal Server Error</title>\n<h1>Internal Server Error</h1>\n<p>The server encountered an internal error and was unable to complete your request. Either the server is overloaded or there is an error in the application.</p>\n"
INFO 14:18:14.785573 Turn: 2, Snakes Alive: [], Food: 2, Hazards: 0
INFO 14:18:14.786733 Game completed after 3 turns.
INFO 14:18:14.818063 Snake ID: 6b95f3a0-2c5e-43c6-9d5c-196ce710c1b7 URL: http://127.0.0.1:50146, Name: "Rule-based agent"
INFO 14:18:14.819922 Ruleset: solo, Seed: 105
INFO 14:18:14.820426 Turn: 0, Snakes Alive: [Rule-based agent], Food: 2, Hazards: 0
WARN 14:18:14.842098 Got non-ok status code from http://127.0.0.1:50146/move
	StatusCode: 500 (expected 200)
	Body: "<!doctype html>\n<html lang=en>\n<title>500 Internal Server Error</title>\n<h1>Internal Server Error</h1>\n<p>The server encountered an internal error and was unable to complete your request. Either the server is overloaded or there is an error in the application.</p>\n"
INFO 14:18:14.842098 Turn: 1, Snakes Alive: [Rule-based agent], Food: 2, Hazards: 0
WARN 14:18:14.845999 Got non-ok status code from http://127.0.0.1:50146/move
	StatusCode: 500 (expected 200)
	Body: "<!doctype html>\n<html lang=en>\n<title>500 Internal Server Error</title>\n<h1>Internal Server Error</h1>\n<p>The server encountered an internal error and was unable to complete your request. Either the server is overloaded or there is an error in the application.</p>\n"
INFO 14:18:14.845999 Turn: 2, Snakes Alive: [], Food: 3, Hazards: 0
INFO 14:18:14.848050 Game completed after 3 turns.
INFO 14:18:14.881276 Snake ID: f1ac70fd-4c11-4559-af17-8b8fb95aae10 URL: http://127.0.0.1:50146, Name: "Rule-based agent"
INFO 14:18:14.882998 Ruleset: solo, Seed: 106
INFO 14:18:14.883401 Turn: 0, Snakes Alive: [Rule-based agent], Food: 2, Hazards: 0
WARN 14:18:14.904095 Got non-ok status code from http://127.0.0.1:50146/move
	StatusCode: 500 (expected 200)
	Body: "<!doctype html>\n<html lang=en>\n<title>500 Internal Server Error</title>\n<h1>Internal Server Error</h1>\n<p>The server encountered an internal error and was unable to complete your request. Either the server is overloaded or there is an error in the application.</p>\n"
INFO 14:18:14.904095 Turn: 1, Snakes Alive: [Rule-based agent], Food: 3, Hazards: 0
WARN 14:18:14.907804 Got non-ok status code from http://127.0.0.1:50146/move
	StatusCode: 500 (expected 200)
	Body: "<!doctype html>\n<html lang=en>\n<title>500 Internal Server Error</title>\n<h1>Internal Server Error</h1>\n<p>The server encountered an internal error and was unable to complete your request. Either the server is overloaded or there is an error in the application.</p>\n"
INFO 14:18:14.907804 Turn: 2, Snakes Alive: [], Food: 3, Hazards: 0
INFO 14:18:14.908823 Game completed after 3 turns.
INFO 14:18:14.942123 Snake ID: 67bb2c00-ed16-459f-a579-2791e0a5bcfd URL: http://127.0.0.1:50146, Name: "Rule-based agent"
INFO 14:18:14.943877 Ruleset: solo, Seed: 107
INFO 14:18:14.943877 Turn: 0, Snakes Alive: [Rule-based agent], Food: 2, Hazards: 0
WARN 14:18:14.966524 Got non-ok status code from http://127.0.0.1:50146/move
	StatusCode: 500 (expected 200)
	Body: "<!doctype html>\n<html lang=en>\n<title>500 Internal Server Error</title>\n<h1>Internal Server Error</h1>\n<p>The server encountered an internal error and was unable to complete your request. Either the server is overloaded or there is an error in the application.</p>\n"
INFO 14:18:14.966524 Turn: 1, Snakes Alive: [Rule-based agent], Food: 2, Hazards: 0
WARN 14:18:14.970801 Got non-ok status code from http://127.0.0.1:50146/move
	StatusCode: 500 (expected 200)
	Body: "<!doctype html>\n<html lang=en>\n<title>500 Internal Server Error</title>\n<h1>Internal Server Error</h1>\n<p>The server encountered an internal error and was unable to complete your request. Either the server is overloaded or there is an error in the application.</p>\n"
INFO 14:18:14.970801 Turn: 2, Snakes Alive: [Rule-based agent], Food: 3, Hazards: 0
WARN 14:18:15.003145 Got non-ok status code from http://127.0.0.1:50146/move
	StatusCode: 500 (expected 200)
	Body: "<!doctype html>\n<html lang=en>\n<title>500 Internal Server Error</title>\n<h1>Internal Server Error</h1>\n<p>The server encountered an internal error and was unable to complete your request. Either the server is overloaded or there is an error in the application.</p>\n"
INFO 14:18:15.003145 Turn: 3, Snakes Alive: [Rule-based agent], Food: 3, Hazards: 0
WARN 14:18:15.008975 Got non-ok status code from http://127.0.0.1:50146/move
	StatusCode: 500 (expected 200)
	Body: "<!doctype html>\n<html lang=en>\n<title>500 Internal Server Error</title>\n<h1>Internal Server Error</h1>\n<p>The server encountered an internal error and was unable to complete your request. Either the server is overloaded or there is an error in the application.</p>\n"
INFO 14:18:15.008975 Turn: 4, Snakes Alive: [Rule-based agent], Food: 3, Hazards: 0
WARN 14:18:15.015958 Got non-ok status code from http://127.0.0.1:50146/move
	StatusCode: 500 (expected 200)
	Body: "<!doctype html>\n<html lang=en>\n<title>500 Internal Server Error</title>\n<h1>Internal Server Error</h1>\n<p>The server encountered an internal error and was unable to complete your request. Either the server is overloaded or there is an error in the application.</p>\n"
INFO 14:18:15.015958 Turn: 5, Snakes Alive: [Rule-based agent], Food: 3, Hazards: 0
WARN 14:18:15.021988 Got non-ok status code from http://127.0.0.1:50146/move
	StatusCode: 500 (expected 200)
	Body: "<!doctype html>\n<html lang=en>\n<title>500 Internal Server Error</title>\n<h1>Internal Server Error</h1>\n<p>The server encountered an internal error and was unable to complete your request. Either the server is overloaded or there is an error in the application.</p>\n"
INFO 14:18:15.021988 Turn: 6, Snakes Alive: [Rule-based agent], Food: 4, Hazards: 0
WARN 14:18:15.031171 Got non-ok status code from http://127.0.0.1:50146/move
	StatusCode: 500 (expected 200)
	Body: "<!doctype html>\n<html lang=en>\n<title>500 Internal Server Error</title>\n<h1>Internal Server Error</h1>\n<p>The server encountered an internal error and was unable to complete your request. Either the server is overloaded or there is an error in the application.</p>\n"
INFO 14:18:15.031171 Turn: 7, Snakes Alive: [Rule-based agent], Food: 5, Hazards: 0
WARN 14:18:15.039866 Got non-ok status code from http://127.0.0.1:50146/move
	StatusCode: 500 (expected 200)
	Body: "<!doctype html>\n<html lang=en>\n<title>500 Internal Server Error</title>\n<h1>Internal Server Error</h1>\n<p>The server encountered an internal error and was unable to complete your request. Either the server is overloaded or there is an error in the application.</p>\n"
INFO 14:18:15.039866 Turn: 8, Snakes Alive: [Rule-based agent], Food: 5, Hazards: 0
WARN 14:18:15.051930 Got non-ok status code from http://127.0.0.1:50146/move
	StatusCode: 500 (expected 200)
	Body: "<!doctype html>\n<html lang=en>\n<title>500 Internal Server Error</title>\n<h1>Internal Server Error</h1>\n<p>The server encountered an internal error and was unable to complete your request. Either the server is overloaded or there is an error in the application.</p>\n"
INFO 14:18:15.051930 Turn: 9, Snakes Alive: [Rule-based agent], Food: 5, Hazards: 0
WARN 14:18:15.062968 Got non-ok status code from http://127.0.0.1:50146/move
	StatusCode: 500 (expected 200)
	Body: "<!doctype html>\n<html lang=en>\n<title>500 Internal Server Error</title>\n<h1>Internal Server Error</h1>\n<p>The server encountered an internal error and was unable to complete your request. Either the server is overloaded or there is an error in the application.</p>\n"
INFO 14:18:15.062968 Turn: 10, Snakes Alive: [], Food: 6, Hazards: 0
INFO 14:18:15.065097 Game completed after 11 turns.
INFO 14:18:15.098307 Snake ID: 555744f8-69e2-4594-98a3-3524c3f35933 URL: http://127.0.0.1:50146, Name: "Rule-based agent"
INFO 14:18:15.100497 Ruleset: solo, Seed: 108
INFO 14:18:15.100497 Turn: 0, Snakes Alive: [Rule-based agent], Food: 2, Hazards: 0
WARN 14:18:15.118980 Got non-ok status code from http://127.0.0.1:50146/move
	StatusCode: 500 (expected 200)
	Body: "<!doctype html>\n<html lang=en>\n<title>500 Internal Server Error</title>\n<h1>Internal Server Error</h1>\n<p>The server encountered an internal error and was unable to complete your request. Either the server is overloaded or there is an error in the application.</p>\n"
INFO 14:18:15.118980 Turn: 1, Snakes Alive: [Rule-based agent], Food: 3, Hazards: 0
WARN 14:18:15.124100 Got non-ok status code from http://127.0.0.1:50146/move
	StatusCode: 500 (expected 200)
	Body: "<!doctype html>\n<html lang=en>\n<title>500 Internal Server Error</title>\n<h1>Internal Server Error</h1>\n<p>The server encountered an internal error and was unable to complete your request. Either the server is overloaded or there is an error in the application.</p>\n"
INFO 14:18:15.124100 Turn: 2, Snakes Alive: [Rule-based agent], Food: 3, Hazards: 0
WARN 14:18:15.128108 Got non-ok status code from http://127.0.0.1:50146/move
	StatusCode: 500 (expected 200)
	Body: "<!doctype html>\n<html lang=en>\n<title>500 Internal Server Error</title>\n<h1>Internal Server Error</h1>\n<p>The server encountered an internal error and was unable to complete your request. Either the server is overloaded or there is an error in the application.</p>\n"
INFO 14:18:15.128108 Turn: 3, Snakes Alive: [Rule-based agent], Food: 3, Hazards: 0
WARN 14:18:15.131981 Got non-ok status code from http://127.0.0.1:50146/move
	StatusCode: 500 (expected 200)
	Body: "<!doctype html>\n<html lang=en>\n<title>500 Internal Server Error</title>\n<h1>Internal Server Error</h1>\n<p>The server encountered an internal error and was unable to complete your request. Either the server is overloaded or there is an error in the application.</p>\n"
INFO 14:18:15.131981 Turn: 4, Snakes Alive: [Rule-based agent], Food: 2, Hazards: 0
WARN 14:18:15.135013 Got non-ok status code from http://127.0.0.1:50146/move
	StatusCode: 500 (expected 200)
	Body: "<!doctype html>\n<html lang=en>\n<title>500 Internal Server Error</title>\n<h1>Internal Server Error</h1>\n<p>The server encountered an internal error and was unable to complete your request. Either the server is overloaded or there is an error in the application.</p>\n"
INFO 14:18:15.135013 Turn: 5, Snakes Alive: [Rule-based agent], Food: 2, Hazards: 0
WARN 14:18:15.149693 Got non-ok status code from http://127.0.0.1:50146/move
	StatusCode: 500 (expected 200)
	Body: "<!doctype html>\n<html lang=en>\n<title>500 Internal Server Error</title>\n<h1>Internal Server Error</h1>\n<p>The server encountered an internal error and was unable to complete your request. Either the server is overloaded or there is an error in the application.</p>\n"
INFO 14:18:15.149693 Turn: 6, Snakes Alive: [Rule-based agent], Food: 3, Hazards: 0
WARN 14:18:15.157348 Got non-ok status code from http://127.0.0.1:50146/move
	StatusCode: 500 (expected 200)
	Body: "<!doctype html>\n<html lang=en>\n<title>500 Internal Server Error</title>\n<h1>Internal Server Error</h1>\n<p>The server encountered an internal error and was unable to complete your request. Either the server is overloaded or there is an error in the application.</p>\n"
INFO 14:18:15.157348 Turn: 7, Snakes Alive: [Rule-based agent], Food: 3, Hazards: 0
WARN 14:18:15.166761 Got non-ok status code from http://127.0.0.1:50146/move
	StatusCode: 500 (expected 200)
	Body: "<!doctype html>\n<html lang=en>\n<title>500 Internal Server Error</title>\n<h1>Internal Server Error</h1>\n<p>The server encountered an internal error and was unable to complete your request. Either the server is overloaded or there is an error in the application.</p>\n"
INFO 14:18:15.166761 Turn: 8, Snakes Alive: [Rule-based agent], Food: 3, Hazards: 0
WARN 14:18:15.172854 Got non-ok status code from http://127.0.0.1:50146/move
	StatusCode: 500 (expected 200)
	Body: "<!doctype html>\n<html lang=en>\n<title>500 Internal Server Error</title>\n<h1>Internal Server Error</h1>\n<p>The server encountered an internal error and was unable to complete your request. Either the server is overloaded or there is an error in the application.</p>\n"
INFO 14:18:15.172854 Turn: 9, Snakes Alive: [Rule-based agent], Food: 4, Hazards: 0
WARN 14:18:15.180982 Got non-ok status code from http://127.0.0.1:50146/move
	StatusCode: 500 (expected 200)
	Body: "<!doctype html>\n<html lang=en>\n<title>500 Internal Server Error</title>\n<h1>Internal Server Error</h1>\n<p>The server encountered an internal error and was unable to complete your request. Either the server is overloaded or there is an error in the application.</p>\n"
INFO 14:18:15.180982 Turn: 10, Snakes Alive: [], Food: 4, Hazards: 0
INFO 14:18:15.183178 Game completed after 11 turns.
INFO 14:18:15.214537 Snake ID: f7653f86-40b5-43f1-a36b-5acc1d4be489 URL: http://127.0.0.1:50146, Name: "Rule-based agent"
INFO 14:18:15.216153 Ruleset: solo, Seed: 109
INFO 14:18:15.216868 Turn: 0, Snakes Alive: [Rule-based agent], Food: 2, Hazards: 0
WARN 14:18:15.241689 Got non-ok status code from http://127.0.0.1:50146/move
	StatusCode: 500 (expected 200)
	Body: "<!doctype html>\n<html lang=en>\n<title>500 Internal Server Error</title>\n<h1>Internal Server Error</h1>\n<p>The server encountered an internal error and was unable to complete your request. Either the server is overloaded or there is an error in the application.</p>\n"
INFO 14:18:15.241689 Turn: 1, Snakes Alive: [Rule-based agent], Food: 2, Hazards: 0
WARN 14:18:15.245575 Got non-ok status code from http://127.0.0.1:50146/move
	StatusCode: 500 (expected 200)
	Body: "<!doctype html>\n<html lang=en>\n<title>500 Internal Server Error</title>\n<h1>Internal Server Error</h1>\n<p>The server encountered an internal error and was unable to complete your request. Either the server is overloaded or there is an error in the application.</p>\n"
INFO 14:18:15.245575 Turn: 2, Snakes Alive: [], Food: 2, Hazards: 0
INFO 14:18:15.247653 Game completed after 3 turns.
INFO 14:18:15.278148 Snake ID: 6d8232d9-d973-4c91-a6ad-7d0e795f2e75 URL: http://127.0.0.1:50146, Name: "Rule-based agent"
INFO 14:18:15.280291 Ruleset: solo, Seed: 110
INFO 14:18:15.280663 Turn: 0, Snakes Alive: [Rule-based agent], Food: 2, Hazards: 0
WARN 14:18:15.305084 Got non-ok status code from http://127.0.0.1:50146/move
	StatusCode: 500 (expected 200)
	Body: "<!doctype html>\n<html lang=en>\n<title>500 Internal Server Error</title>\n<h1>Internal Server Error</h1>\n<p>The server encountered an internal error and was unable to complete your request. Either the server is overloaded or there is an error in the application.</p>\n"
INFO 14:18:15.305084 Turn: 1, Snakes Alive: [Rule-based agent], Food: 2, Hazards: 0
WARN 14:18:15.309814 Got non-ok status code from http://127.0.0.1:50146/move
	StatusCode: 500 (expected 200)
	Body: "<!doctype html>\n<html lang=en>\n<title>500 Internal Server Error</title>\n<h1>Internal Server Error</h1>\n<p>The server encountered an internal error and was unable to complete your request. Either the server is overloaded or there is an error in the application.</p>\n"
INFO 14:18:15.309814 Turn: 2, Snakes Alive: [Rule-based agent], Food: 2, Hazards: 0
WARN 14:18:15.316759 Got non-ok status code from http://127.0.0.1:50146/move
	StatusCode: 500 (expected 200)
	Body: "<!doctype html>\n<html lang=en>\n<title>500 Internal Server Error</title>\n<h1>Internal Server Error</h1>\n<p>The server encountered an internal error and was unable to complete your request. Either the server is overloaded or there is an error in the application.</p>\n"
INFO 14:18:15.316759 Turn: 3, Snakes Alive: [Rule-based agent], Food: 3, Hazards: 0
WARN 14:18:15.323774 Got non-ok status code from http://127.0.0.1:50146/move
	StatusCode: 500 (expected 200)
	Body: "<!doctype html>\n<html lang=en>\n<title>500 Internal Server Error</title>\n<h1>Internal Server Error</h1>\n<p>The server encountered an internal error and was unable to complete your request. Either the server is overloaded or there is an error in the application.</p>\n"
INFO 14:18:15.323774 Turn: 4, Snakes Alive: [Rule-based agent], Food: 4, Hazards: 0
WARN 14:18:15.328577 Got non-ok status code from http://127.0.0.1:50146/move
	StatusCode: 500 (expected 200)
	Body: "<!doctype html>\n<html lang=en>\n<title>500 Internal Server Error</title>\n<h1>Internal Server Error</h1>\n<p>The server encountered an internal error and was unable to complete your request. Either the server is overloaded or there is an error in the application.</p>\n"
INFO 14:18:15.328577 Turn: 5, Snakes Alive: [Rule-based agent], Food: 4, Hazards: 0
WARN 14:18:15.333805 Got non-ok status code from http://127.0.0.1:50146/move
	StatusCode: 500 (expected 200)
	Body: "<!doctype html>\n<html lang=en>\n<title>500 Internal Server Error</title>\n<h1>Internal Server Error</h1>\n<p>The server encountered an internal error and was unable to complete your request. Either the server is overloaded or there is an error in the application.</p>\n"
INFO 14:18:15.333805 Turn: 6, Snakes Alive: [], Food: 4, Hazards: 0
INFO 14:18:15.336083 Game completed after 7 turns.
INFO 14:18:15.371143 Snake ID: 656d43c0-8111-4aa3-aaef-e16a67ccfc5f URL: http://127.0.0.1:50146, Name: "Rule-based agent"
INFO 14:18:15.372985 Ruleset: solo, Seed: 111
INFO 14:18:15.373574 Turn: 0, Snakes Alive: [Rule-based agent], Food: 2, Hazards: 0
WARN 14:18:15.398130 Got non-ok status code from http://127.0.0.1:50146/move
	StatusCode: 500 (expected 200)
	Body: "<!doctype html>\n<html lang=en>\n<title>500 Internal Server Error</title>\n<h1>Internal Server Error</h1>\n<p>The server encountered an internal error and was unable to complete your request. Either the server is overloaded or there is an error in the application.</p>\n"
INFO 14:18:15.398130 Turn: 1, Snakes Alive: [Rule-based agent], Food: 2, Hazards: 0
WARN 14:18:15.402469 Got non-ok status code from http://127.0.0.1:50146/move
	StatusCode: 500 (expected 200)
	Body: "<!doctype html>\n<html lang=en>\n<title>500 Internal Server Error</title>\n<h1>Internal Server Error</h1>\n<p>The server encountered an internal error and was unable to complete your request. Either the server is overloaded or there is an error in the application.</p>\n"
INFO 14:18:15.402469 Turn: 2, Snakes Alive: [], Food: 3, Hazards: 0
INFO 14:18:15.403669 Game completed after 3 turns.
INFO 14:18:15.434376 Snake ID: 2405b4da-e214-4f2b-9b8a-41447ec72324 URL: http://127.0.0.1:50146, Name: "Rule-based agent"
INFO 14:18:15.436471 Ruleset: solo, Seed: 112
INFO 14:18:15.436471 Turn: 0, Snakes Alive: [Rule-based agent], Food: 2, Hazards: 0
WARN 14:18:15.460128 Got non-ok status code from http://127.0.0.1:50146/move
	StatusCode: 500 (expected 200)
	Body: "<!doctype html>\n<html lang=en>\n<title>500 Internal Server Error</title>\n<h1>Internal Server Error</h1>\n<p>The server encountered an internal error and was unable to complete your request. Either the server is overloaded or there is an error in the application.</p>\n"
INFO 14:18:15.460128 Turn: 1, Snakes Alive: [Rule-based agent], Food: 3, Hazards: 0
WARN 14:18:15.465386 Got non-ok status code from http://127.0.0.1:50146/move
	StatusCode: 500 (expected 200)
	Body: "<!doctype html>\n<html lang=en>\n<title>500 Internal Server Error</title>\n<h1>Internal Server Error</h1>\n<p>The server encountered an internal error and was unable to complete your request. Either the server is overloaded or there is an error in the application.</p>\n"
INFO 14:18:15.465386 Turn: 2, Snakes Alive: [Rule-based agent], Food: 4, Hazards: 0
WARN 14:18:15.469129 Got non-ok status code from http://127.0.0.1:50146/move
	StatusCode: 500 (expected 200)
	Body: "<!doctype html>\n<html lang=en>\n<title>500 Internal Server Error</title>\n<h1>Internal Server Error</h1>\n<p>The server encountered an internal error and was unable to complete your request. Either the server is overloaded or there is an error in the application.</p>\n"
INFO 14:18:15.469129 Turn: 3, Snakes Alive: [Rule-based agent], Food: 4, Hazards: 0
WARN 14:18:15.471938 Got non-ok status code from http://127.0.0.1:50146/move
	StatusCode: 500 (expected 200)
	Body: "<!doctype html>\n<html lang=en>\n<title>500 Internal Server Error</title>\n<h1>Internal Server Error</h1>\n<p>The server encountered an internal error and was unable to complete your request. Either the server is overloaded or there is an error in the application.</p>\n"
INFO 14:18:15.471938 Turn: 4, Snakes Alive: [Rule-based agent], Food: 3, Hazards: 0
WARN 14:18:15.481489 Got non-ok status code from http://127.0.0.1:50146/move
	StatusCode: 500 (expected 200)
	Body: "<!doctype html>\n<html lang=en>\n<title>500 Internal Server Error</title>\n<h1>Internal Server Error</h1>\n<p>The server encountered an internal error and was unable to complete your request. Either the server is overloaded or there is an error in the application.</p>\n"
INFO 14:18:15.481489 Turn: 5, Snakes Alive: [Rule-based agent], Food: 4, Hazards: 0
WARN 14:18:15.488535 Got non-ok status code from http://127.0.0.1:50146/move
	StatusCode: 500 (expected 200)
	Body: "<!doctype html>\n<html lang=en>\n<title>500 Internal Server Error</title>\n<h1>Internal Server Error</h1>\n<p>The server encountered an internal error and was unable to complete your request. Either the server is overloaded or there is an error in the application.</p>\n"
INFO 14:18:15.488535 Turn: 6, Snakes Alive: [Rule-based agent], Food: 4, Hazards: 0
WARN 14:18:15.493065 Got non-ok status code from http://127.0.0.1:50146/move
	StatusCode: 500 (expected 200)
	Body: "<!doctype html>\n<html lang=en>\n<title>500 Internal Server Error</title>\n<h1>Internal Server Error</h1>\n<p>The server encountered an internal error and was unable to complete your request. Either the server is overloaded or there is an error in the application.</p>\n"
INFO 14:18:15.493065 Turn: 7, Snakes Alive: [Rule-based agent], Food: 4, Hazards: 0
WARN 14:18:15.499938 Got non-ok status code from http://127.0.0.1:50146/move
	StatusCode: 500 (expected 200)
	Body: "<!doctype html>\n<html lang=en>\n<title>500 Internal Server Error</title>\n<h1>Internal Server Error</h1>\n<p>The server encountered an internal error and was unable to complete your request. Either the server is overloaded or there is an error in the application.</p>\n"
INFO 14:18:15.499938 Turn: 8, Snakes Alive: [Rule-based agent], Food: 4, Hazards: 0
WARN 14:18:15.506819 Got non-ok status code from http://127.0.0.1:50146/move
	StatusCode: 500 (expected 200)
	Body: "<!doctype html>\n<html lang=en>\n<title>500 Internal Server Error</title>\n<h1>Internal Server Error</h1>\n<p>The server encountered an internal error and was unable to complete your request. Either the server is overloaded or there is an error in the application.</p>\n"
INFO 14:18:15.506819 Turn: 9, Snakes Alive: [Rule-based agent], Food: 4, Hazards: 0
WARN 14:18:15.514194 Got non-ok status code from http://127.0.0.1:50146/move
	StatusCode: 500 (expected 200)
	Body: "<!doctype html>\n<html lang=en>\n<title>500 Internal Server Error</title>\n<h1>Internal Server Error</h1>\n<p>The server encountered an internal error and was unable to complete your request. Either the server is overloaded or there is an error in the application.</p>\n"
INFO 14:18:15.514194 Turn: 10, Snakes Alive: [], Food: 4, Hazards: 0
INFO 14:18:15.515233 Game completed after 11 turns.
INFO 14:18:15.548010 Snake ID: 3e2b9df4-2747-4e0b-999a-20eec92abd4b URL: http://127.0.0.1:50146, Name: "Rule-based agent"
INFO 14:18:15.550213 Ruleset: solo, Seed: 113
INFO 14:18:15.550213 Turn: 0, Snakes Alive: [Rule-based agent], Food: 2, Hazards: 0
WARN 14:18:15.568554 Got non-ok status code from http://127.0.0.1:50146/move
	StatusCode: 500 (expected 200)
	Body: "<!doctype html>\n<html lang=en>\n<title>500 Internal Server Error</title>\n<h1>Internal Server Error</h1>\n<p>The server encountered an internal error and was unable to complete your request. Either the server is overloaded or there is an error in the application.</p>\n"
INFO 14:18:15.568554 Turn: 1, Snakes Alive: [Rule-based agent], Food: 3, Hazards: 0
WARN 14:18:15.572378 Got non-ok status code from http://127.0.0.1:50146/move
	StatusCode: 500 (expected 200)
	Body: "<!doctype html>\n<html lang=en>\n<title>500 Internal Server Error</title>\n<h1>Internal Server Error</h1>\n<p>The server encountered an internal error and was unable to complete your request. Either the server is overloaded or there is an error in the application.</p>\n"
INFO 14:18:15.572378 Turn: 2, Snakes Alive: [], Food: 3, Hazards: 0
INFO 14:18:15.573405 Game completed after 3 turns.
INFO 14:18:15.607415 Snake ID: 03ddc2f3-efd4-4415-94c5-c42b8b1579a4 URL: http://127.0.0.1:50146, Name: "Rule-based agent"
INFO 14:18:15.609771 Ruleset: solo, Seed: 114
INFO 14:18:15.610108 Turn: 0, Snakes Alive: [Rule-based agent], Food: 2, Hazards: 0
WARN 14:18:15.629958 Got non-ok status code from http://127.0.0.1:50146/move
	StatusCode: 500 (expected 200)
	Body: "<!doctype html>\n<html lang=en>\n<title>500 Internal Server Error</title>\n<h1>Internal Server Error</h1>\n<p>The server encountered an internal error and was unable to complete your request. Either the server is overloaded or there is an error in the application.</p>\n"
INFO 14:18:15.629958 Turn: 1, Snakes Alive: [Rule-based agent], Food: 2, Hazards: 0
WARN 14:18:15.634031 Got non-ok status code from http://127.0.0.1:50146/move
	StatusCode: 500 (expected 200)
	Body: "<!doctype html>\n<html lang=en>\n<title>500 Internal Server Error</title>\n<h1>Internal Server Error</h1>\n<p>The server encountered an internal error and was unable to complete your request. Either the server is overloaded or there is an error in the application.</p>\n"
INFO 14:18:15.634031 Turn: 2, Snakes Alive: [Rule-based agent], Food: 2, Hazards: 0
WARN 14:18:15.638764 Got non-ok status code from http://127.0.0.1:50146/move
	StatusCode: 500 (expected 200)
	Body: "<!doctype html>\n<html lang=en>\n<title>500 Internal Server Error</title>\n<h1>Internal Server Error</h1>\n<p>The server encountered an internal error and was unable to complete your request. Either the server is overloaded or there is an error in the application.</p>\n"
INFO 14:18:15.638764 Turn: 3, Snakes Alive: [Rule-based agent], Food: 3, Hazards: 0
WARN 14:18:15.642891 Got non-ok status code from http://127.0.0.1:50146/move
	StatusCode: 500 (expected 200)
	Body: "<!doctype html>\n<html lang=en>\n<title>500 Internal Server Error</title>\n<h1>Internal Server Error</h1>\n<p>The server encountered an internal error and was unable to complete your request. Either the server is overloaded or there is an error in the application.</p>\n"
INFO 14:18:15.642891 Turn: 4, Snakes Alive: [Rule-based agent], Food: 3, Hazards: 0
WARN 14:18:15.646964 Got non-ok status code from http://127.0.0.1:50146/move
	StatusCode: 500 (expected 200)
	Body: "<!doctype html>\n<html lang=en>\n<title>500 Internal Server Error</title>\n<h1>Internal Server Error</h1>\n<p>The server encountered an internal error and was unable to complete your request. Either the server is overloaded or there is an error in the application.</p>\n"
INFO 14:18:15.646964 Turn: 5, Snakes Alive: [Rule-based agent], Food: 3, Hazards: 0
WARN 14:18:15.649729 Got non-ok status code from http://127.0.0.1:50146/move
	StatusCode: 500 (expected 200)
	Body: "<!doctype html>\n<html lang=en>\n<title>500 Internal Server Error</title>\n<h1>Internal Server Error</h1>\n<p>The server encountered an internal error and was unable to complete your request. Either the server is overloaded or there is an error in the application.</p>\n"
INFO 14:18:15.650313 Turn: 6, Snakes Alive: [], Food: 3, Hazards: 0
INFO 14:18:15.651342 Game completed after 7 turns.
INFO 14:18:15.683757 Snake ID: b8ecca3a-be2e-4604-913f-5b34d6b2db27 URL: http://127.0.0.1:50146, Name: "Rule-based agent"
INFO 14:18:15.685346 Ruleset: solo, Seed: 115
INFO 14:18:15.686049 Turn: 0, Snakes Alive: [Rule-based agent], Food: 2, Hazards: 0
WARN 14:18:15.704623 Got non-ok status code from http://127.0.0.1:50146/move
	StatusCode: 500 (expected 200)
	Body: "<!doctype html>\n<html lang=en>\n<title>500 Internal Server Error</title>\n<h1>Internal Server Error</h1>\n<p>The server encountered an internal error and was unable to complete your request. Either the server is overloaded or there is an error in the application.</p>\n"
INFO 14:18:15.704623 Turn: 1, Snakes Alive: [Rule-based agent], Food: 2, Hazards: 0
WARN 14:18:15.708174 Got non-ok status code from http://127.0.0.1:50146/move
	StatusCode: 500 (expected 200)
	Body: "<!doctype html>\n<html lang=en>\n<title>500 Internal Server Error</title>\n<h1>Internal Server Error</h1>\n<p>The server encountered an internal error and was unable to complete your request. Either the server is overloaded or there is an error in the application.</p>\n"
INFO 14:18:15.708174 Turn: 2, Snakes Alive: [Rule-based agent], Food: 3, Hazards: 0
WARN 14:18:15.713345 Got non-ok status code from http://127.0.0.1:50146/move
	StatusCode: 500 (expected 200)
	Body: "<!doctype html>\n<html lang=en>\n<title>500 Internal Server Error</title>\n<h1>Internal Server Error</h1>\n<p>The server encountered an internal error and was unable to complete your request. Either the server is overloaded or there is an error in the application.</p>\n"
INFO 14:18:15.713345 Turn: 3, Snakes Alive: [Rule-based agent], Food: 3, Hazards: 0
WARN 14:18:15.719411 Got non-ok status code from http://127.0.0.1:50146/move
	StatusCode: 500 (expected 200)
	Body: "<!doctype html>\n<html lang=en>\n<title>500 Internal Server Error</title>\n<h1>Internal Server Error</h1>\n<p>The server encountered an internal error and was unable to complete your request. Either the server is overloaded or there is an error in the application.</p>\n"
INFO 14:18:15.719411 Turn: 4, Snakes Alive: [Rule-based agent], Food: 3, Hazards: 0
WARN 14:18:15.724571 Got non-ok status code from http://127.0.0.1:50146/move
	StatusCode: 500 (expected 200)
	Body: "<!doctype html>\n<html lang=en>\n<title>500 Internal Server Error</title>\n<h1>Internal Server Error</h1>\n<p>The server encountered an internal error and was unable to complete your request. Either the server is overloaded or there is an error in the application.</p>\n"
INFO 14:18:15.724571 Turn: 5, Snakes Alive: [Rule-based agent], Food: 3, Hazards: 0
WARN 14:18:15.730403 Got non-ok status code from http://127.0.0.1:50146/move
	StatusCode: 500 (expected 200)
	Body: "<!doctype html>\n<html lang=en>\n<title>500 Internal Server Error</title>\n<h1>Internal Server Error</h1>\n<p>The server encountered an internal error and was unable to complete your request. Either the server is overloaded or there is an error in the application.</p>\n"
INFO 14:18:15.730403 Turn: 6, Snakes Alive: [], Food: 3, Hazards: 0
INFO 14:18:15.731437 Game completed after 7 turns.
INFO 14:18:15.762168 Snake ID: 065b7333-0f74-4654-bf53-28183c0a5f6d URL: http://127.0.0.1:50146, Name: "Rule-based agent"
INFO 14:18:15.764333 Ruleset: solo, Seed: 116
INFO 14:18:15.764908 Turn: 0, Snakes Alive: [Rule-based agent], Food: 2, Hazards: 0
WARN 14:18:15.781766 Got non-ok status code from http://127.0.0.1:50146/move
	StatusCode: 500 (expected 200)
	Body: "<!doctype html>\n<html lang=en>\n<title>500 Internal Server Error</title>\n<h1>Internal Server Error</h1>\n<p>The server encountered an internal error and was unable to complete your request. Either the server is overloaded or there is an error in the application.</p>\n"
INFO 14:18:15.781766 Turn: 1, Snakes Alive: [Rule-based agent], Food: 3, Hazards: 0
WARN 14:18:15.785255 Got non-ok status code from http://127.0.0.1:50146/move
	StatusCode: 500 (expected 200)
	Body: "<!doctype html>\n<html lang=en>\n<title>500 Internal Server Error</title>\n<h1>Internal Server Error</h1>\n<p>The server encountered an internal error and was unable to complete your request. Either the server is overloaded or there is an error in the application.</p>\n"
INFO 14:18:15.785255 Turn: 2, Snakes Alive: [], Food: 3, Hazards: 0
INFO 14:18:15.786328 Game completed after 3 turns.
INFO 14:18:15.821535 Snake ID: 05f53c9f-2355-4183-912d-978a7673ca20 URL: http://127.0.0.1:50146, Name: "Rule-based agent"
INFO 14:18:15.823094 Ruleset: solo, Seed: 117
INFO 14:18:15.823614 Turn: 0, Snakes Alive: [Rule-based agent], Food: 2, Hazards: 0
WARN 14:18:15.843693 Got non-ok status code from http://127.0.0.1:50146/move
	StatusCode: 500 (expected 200)
	Body: "<!doctype html>\n<html lang=en>\n<title>500 Internal Server Error</title>\n<h1>Internal Server Error</h1>\n<p>The server encountered an internal error and was unable to complete your request. Either the server is overloaded or there is an error in the application.</p>\n"
INFO 14:18:15.843693 Turn: 1, Snakes Alive: [Rule-based agent], Food: 2, Hazards: 0
WARN 14:18:15.848547 Got non-ok status code from http://127.0.0.1:50146/move
	StatusCode: 500 (expected 200)
	Body: "<!doctype html>\n<html lang=en>\n<title>500 Internal Server Error</title>\n<h1>Internal Server Error</h1>\n<p>The server encountered an internal error and was unable to complete your request. Either the server is overloaded or there is an error in the application.</p>\n"
INFO 14:18:15.848547 Turn: 2, Snakes Alive: [Rule-based agent], Food: 2, Hazards: 0
WARN 14:18:15.853553 Got non-ok status code from http://127.0.0.1:50146/move
	StatusCode: 500 (expected 200)
	Body: "<!doctype html>\n<html lang=en>\n<title>500 Internal Server Error</title>\n<h1>Internal Server Error</h1>\n<p>The server encountered an internal error and was unable to complete your request. Either the server is overloaded or there is an error in the application.</p>\n"
INFO 14:18:15.853553 Turn: 3, Snakes Alive: [Rule-based agent], Food: 2, Hazards: 0
WARN 14:18:15.859064 Got non-ok status code from http://127.0.0.1:50146/move
	StatusCode: 500 (expected 200)
	Body: "<!doctype html>\n<html lang=en>\n<title>500 Internal Server Error</title>\n<h1>Internal Server Error</h1>\n<p>The server encountered an internal error and was unable to complete your request. Either the server is overloaded or there is an error in the application.</p>\n"
INFO 14:18:15.859064 Turn: 4, Snakes Alive: [Rule-based agent], Food: 2, Hazards: 0
WARN 14:18:15.866073 Got non-ok status code from http://127.0.0.1:50146/move
	StatusCode: 500 (expected 200)
	Body: "<!doctype html>\n<html lang=en>\n<title>500 Internal Server Error</title>\n<h1>Internal Server Error</h1>\n<p>The server encountered an internal error and was unable to complete your request. Either the server is overloaded or there is an error in the application.</p>\n"
INFO 14:18:15.866073 Turn: 5, Snakes Alive: [Rule-based agent], Food: 2, Hazards: 0
WARN 14:18:15.872908 Got non-ok status code from http://127.0.0.1:50146/move
	StatusCode: 500 (expected 200)
	Body: "<!doctype html>\n<html lang=en>\n<title>500 Internal Server Error</title>\n<h1>Internal Server Error</h1>\n<p>The server encountered an internal error and was unable to complete your request. Either the server is overloaded or there is an error in the application.</p>\n"
INFO 14:18:15.872908 Turn: 6, Snakes Alive: [Rule-based agent], Food: 3, Hazards: 0
WARN 14:18:15.882011 Got non-ok status code from http://127.0.0.1:50146/move
	StatusCode: 500 (expected 200)
	Body: "<!doctype html>\n<html lang=en>\n<title>500 Internal Server Error</title>\n<h1>Internal Server Error</h1>\n<p>The server encountered an internal error and was unable to complete your request. Either the server is overloaded or there is an error in the application.</p>\n"
INFO 14:18:15.882011 Turn: 7, Snakes Alive: [Rule-based agent], Food: 3, Hazards: 0
WARN 14:18:15.889438 Got non-ok status code from http://127.0.0.1:50146/move
	StatusCode: 500 (expected 200)
	Body: "<!doctype html>\n<html lang=en>\n<title>500 Internal Server Error</title>\n<h1>Internal Server Error</h1>\n<p>The server encountered an internal error and was unable to complete your request. Either the server is overloaded or there is an error in the application.</p>\n"
INFO 14:18:15.889438 Turn: 8, Snakes Alive: [Rule-based agent], Food: 4, Hazards: 0
WARN 14:18:15.895482 Got non-ok status code from http://127.0.0.1:50146/move
	StatusCode: 500 (expected 200)
	Body: "<!doctype html>\n<html lang=en>\n<title>500 Internal Server Error</title>\n<h1>Internal Server Error</h1>\n<p>The server encountered an internal error and was unable to complete your request. Either the server is overloaded or there is an error in the application.</p>\n"
INFO 14:18:15.895482 Turn: 9, Snakes Alive: [Rule-based agent], Food: 5, Hazards: 0
WARN 14:18:15.901827 Got non-ok status code from http://127.0.0.1:50146/move
	StatusCode: 500 (expected 200)
	Body: "<!doctype html>\n<html lang=en>\n<title>500 Internal Server Error</title>\n<h1>Internal Server Error</h1>\n<p>The server encountered an internal error and was unable to complete your request. Either the server is overloaded or there is an error in the application.</p>\n"
INFO 14:18:15.901827 Turn: 10, Snakes Alive: [], Food: 6, Hazards: 0
INFO 14:18:15.903039 Game completed after 11 turns.
INFO 14:18:15.935075 Snake ID: 109521fd-44e6-4793-8404-e6377cad7688 URL: http://127.0.0.1:50146, Name: "Rule-based agent"
INFO 14:18:15.936710 Ruleset: solo, Seed: 118
INFO 14:18:15.937068 Turn: 0, Snakes Alive: [Rule-based agent], Food: 2, Hazards: 0
WARN 14:18:15.951149 Got non-ok status code from http://127.0.0.1:50146/move
	StatusCode: 500 (expected 200)
	Body: "<!doctype html>\n<html lang=en>\n<title>500 Internal Server Error</title>\n<h1>Internal Server Error</h1>\n<p>The server encountered an internal error and was unable to complete your request. Either the server is overloaded or there is an error in the application.</p>\n"
INFO 14:18:15.951149 Turn: 1, Snakes Alive: [Rule-based agent], Food: 2, Hazards: 0
WARN 14:18:15.955407 Got non-ok status code from http://127.0.0.1:50146/move
	StatusCode: 500 (expected 200)
	Body: "<!doctype html>\n<html lang=en>\n<title>500 Internal Server Error</title>\n<h1>Internal Server Error</h1>\n<p>The server encountered an internal error and was unable to complete your request. Either the server is overloaded or there is an error in the application.</p>\n"
INFO 14:18:15.955407 Turn: 2, Snakes Alive: [], Food: 2, Hazards: 0
INFO 14:18:15.957454 Game completed after 3 turns.
INFO 14:18:15.988920 Snake ID: 4ef815c7-9cf0-446e-9e0f-fa76e1189343 URL: http://127.0.0.1:50146, Name: "Rule-based agent"
INFO 14:18:15.990557 Ruleset: solo, Seed: 119
INFO 14:18:15.991299 Turn: 0, Snakes Alive: [Rule-based agent], Food: 2, Hazards: 0
WARN 14:18:16.013504 Got non-ok status code from http://127.0.0.1:50146/move
	StatusCode: 500 (expected 200)
	Body: "<!doctype html>\n<html lang=en>\n<title>500 Internal Server Error</title>\n<h1>Internal Server Error</h1>\n<p>The server encountered an internal error and was unable to complete your request. Either the server is overloaded or there is an error in the application.</p>\n"
INFO 14:18:16.013504 Turn: 1, Snakes Alive: [Rule-based agent], Food: 2, Hazards: 0
WARN 14:18:16.017671 Got non-ok status code from http://127.0.0.1:50146/move
	StatusCode: 500 (expected 200)
	Body: "<!doctype html>\n<html lang=en>\n<title>500 Internal Server Error</title>\n<h1>Internal Server Error</h1>\n<p>The server encountered an internal error and was unable to complete your request. Either the server is overloaded or there is an error in the application.</p>\n"
INFO 14:18:16.017671 Turn: 2, Snakes Alive: [Rule-based agent], Food: 2, Hazards: 0
WARN 14:18:16.020718 Got non-ok status code from http://127.0.0.1:50146/move
	StatusCode: 500 (expected 200)
	Body: "<!doctype html>\n<html lang=en>\n<title>500 Internal Server Error</title>\n<h1>Internal Server Error</h1>\n<p>The server encountered an internal error and was unable to complete your request. Either the server is overloaded or there is an error in the application.</p>\n"
INFO 14:18:16.020718 Turn: 3, Snakes Alive: [Rule-based agent], Food: 2, Hazards: 0
WARN 14:18:16.025233 Got non-ok status code from http://127.0.0.1:50146/move
	StatusCode: 500 (expected 200)
	Body: "<!doctype html>\n<html lang=en>\n<title>500 Internal Server Error</title>\n<h1>Internal Server Error</h1>\n<p>The server encountered an internal error and was unable to complete your request. Either the server is overloaded or there is an error in the application.</p>\n"
INFO 14:18:16.025233 Turn: 4, Snakes Alive: [Rule-based agent], Food: 3, Hazards: 0
WARN 14:18:16.030508 Got non-ok status code from http://127.0.0.1:50146/move
	StatusCode: 500 (expected 200)
	Body: "<!doctype html>\n<html lang=en>\n<title>500 Internal Server Error</title>\n<h1>Internal Server Error</h1>\n<p>The server encountered an internal error and was unable to complete your request. Either the server is overloaded or there is an error in the application.</p>\n"
INFO 14:18:16.030508 Turn: 5, Snakes Alive: [Rule-based agent], Food: 3, Hazards: 0
WARN 14:18:16.036424 Got non-ok status code from http://127.0.0.1:50146/move
	StatusCode: 500 (expected 200)
	Body: "<!doctype html>\n<html lang=en>\n<title>500 Internal Server Error</title>\n<h1>Internal Server Error</h1>\n<p>The server encountered an internal error and was unable to complete your request. Either the server is overloaded or there is an error in the application.</p>\n"
INFO 14:18:16.036424 Turn: 6, Snakes Alive: [Rule-based agent], Food: 4, Hazards: 0
WARN 14:18:16.042027 Got non-ok status code from http://127.0.0.1:50146/move
	StatusCode: 500 (expected 200)
	Body: "<!doctype html>\n<html lang=en>\n<title>500 Internal Server Error</title>\n<h1>Internal Server Error</h1>\n<p>The server encountered an internal error and was unable to complete your request. Either the server is overloaded or there is an error in the application.</p>\n"
INFO 14:18:16.042027 Turn: 7, Snakes Alive: [Rule-based agent], Food: 5, Hazards: 0
WARN 14:18:16.046058 Got non-ok status code from http://127.0.0.1:50146/move
	StatusCode: 500 (expected 200)
	Body: "<!doctype html>\n<html lang=en>\n<title>500 Internal Server Error</title>\n<h1>Internal Server Error</h1>\n<p>The server encountered an internal error and was unable to complete your request. Either the server is overloaded or there is an error in the application.</p>\n"
INFO 14:18:16.046058 Turn: 8, Snakes Alive: [Rule-based agent], Food: 6, Hazards: 0
WARN 14:18:16.052625 Got non-ok status code from http://127.0.0.1:50146/move
	StatusCode: 500 (expected 200)
	Body: "<!doctype html>\n<html lang=en>\n<title>500 Internal Server Error</title>\n<h1>Internal Server Error</h1>\n<p>The server encountered an internal error and was unable to complete your request. Either the server is overloaded or there is an error in the application.</p>\n"
INFO 14:18:16.052625 Turn: 9, Snakes Alive: [Rule-based agent], Food: 6, Hazards: 0
WARN 14:18:16.056662 Got non-ok status code from http://127.0.0.1:50146/move
	StatusCode: 500 (expected 200)
	Body: "<!doctype html>\n<html lang=en>\n<title>500 Internal Server Error</title>\n<h1>Internal Server Error</h1>\n<p>The server encountered an internal error and was unable to complete your request. Either the server is overloaded or there is an error in the application.</p>\n"
INFO 14:18:16.056662 Turn: 10, Snakes Alive: [], Food: 6, Hazards: 0
INFO 14:18:16.057709 Game completed after 11 turns.
INFO 14:20:26.245348 Snake ID: b28bb501-4e04-453e-afdc-edf6eee929db URL: http://127.0.0.1:52444, Name: "Rule-based agent"
INFO 14:20:26.248071 Ruleset: solo, Seed: 100
INFO 14:20:26.248724 Turn: 0, Snakes Alive: [Rule-based agent], Food: 2, Hazards: 0
INFO 14:20:26.270341 Turn: 1, Snakes Alive: [Rule-based agent], Food: 2, Hazards: 0
INFO 14:20:26.273767 Turn: 2, Snakes Alive: [Rule-based agent], Food: 1, Hazards: 0
INFO 14:20:26.281240 Turn: 3, Snakes Alive: [Rule-based agent], Food: 2, Hazards: 0
INFO 14:20:26.287219 Turn: 4, Snakes Alive: [Rule-based agent], Food: 2, Hazards: 0
INFO 14:20:26.292101 Turn: 5, Snakes Alive: [Rule-based agent], Food: 2, Hazards: 0
INFO 14:20:26.295768 Turn: 6, Snakes Alive: [Rule-based agent], Food: 2, Hazards: 0
INFO 14:20:26.298366 Turn: 7, Snakes Alive: [Rule-based agent], Food: 2, Hazards: 0
INFO 14:20:26.306992 Turn: 8, Snakes Alive: [Rule-based agent], Food: 2, Hazards: 0
INFO 14:20:26.316271 Turn: 9, Snakes Alive: [Rule-based agent], Food: 3, Hazards: 0
INFO 14:20:26.323313 Turn: 10, Snakes Alive: [Rule-based agent], Food: 3, Hazards: 0
INFO 14:20:26.330055 Turn: 11, Snakes Alive: [Rule-based agent], Food: 3, Hazards: 0
INFO 14:20:26.335220 Turn: 12, Snakes Alive: [Rule-based agent], Food: 3, Hazards: 0
INFO 14:20:26.338598 Turn: 13, Snakes Alive: [Rule-based agent], Food: 4, Hazards: 0
INFO 14:20:26.341242 Turn: 14, Snakes Alive: [Rule-based agent], Food: 4, Hazards: 0
INFO 14:20:26.347975 Turn: 15, Snakes Alive: [Rule-based agent], Food: 4, Hazards: 0
INFO 14:20:26.351507 Turn: 16, Snakes Alive: [Rule-based agent], Food: 4, Hazards: 0
INFO 14:20:26.354534 Turn: 17, Snakes Alive: [Rule-based agent], Food: 5, Hazards: 0
INFO 14:20:26.356608 Turn: 18, Snakes Alive: [Rule-based agent], Food: 4, Hazards: 0
INFO 14:20:26.370791 Turn: 19, Snakes Alive: [Rule-based agent], Food: 4, Hazards: 0
INFO 14:20:26.383175 Turn: 20, Snakes Alive: [Rule-based agent], Food: 4, Hazards: 0
INFO 14:20:26.391896 Turn: 21, Snakes Alive: [Rule-based agent], Food: 4, Hazards: 0
INFO 14:20:26.401437 Turn: 22, Snakes Alive: [Rule-based agent], Food: 4, Hazards: 0
INFO 14:20:26.408986 Turn: 23, Snakes Alive: [Rule-based agent], Food: 5, Hazards: 0
INFO 14:20:26.412937 Turn: 24, Snakes Alive: [Rule-based agent], Food: 5, Hazards: 0
INFO 14:20:26.415797 Turn: 25, Snakes Alive: [Rule-based agent], Food: 5, Hazards: 0
INFO 14:20:26.419308 Turn: 26, Snakes Alive: [Rule-based agent], Food: 6, Hazards: 0
INFO 14:20:26.422497 Turn: 27, Snakes Alive: [Rule-based agent], Food: 7, Hazards: 0
INFO 14:20:26.425246 Turn: 28, Snakes Alive: [Rule-based agent], Food: 6, Hazards: 0
INFO 14:20:26.430279 Turn: 29, Snakes Alive: [Rule-based agent], Food: 6, Hazards: 0
INFO 14:20:26.434862 Turn: 30, Snakes Alive: [Rule-based agent], Food: 7, Hazards: 0
INFO 14:20:26.438289 Turn: 31, Snakes Alive: [Rule-based agent], Food: 8, Hazards: 0
INFO 14:20:26.442443 Turn: 32, Snakes Alive: [Rule-based agent], Food: 8, Hazards: 0
INFO 14:20:26.445840 Turn: 33, Snakes Alive: [Rule-based agent], Food: 8, Hazards: 0
INFO 14:20:26.451656 Turn: 34, Snakes Alive: [Rule-based agent], Food: 8, Hazards: 0
INFO 14:20:26.455472 Turn: 35, Snakes Alive: [Rule-based agent], Food: 8, Hazards: 0
INFO 14:20:26.459327 Turn: 36, Snakes Alive: [Rule-based agent], Food: 8, Hazards: 0
INFO 14:20:26.462347 Turn: 37, Snakes Alive: [Rule-based agent], Food: 7, Hazards: 0
INFO 14:20:26.468465 Turn: 38, Snakes Alive: [Rule-based agent], Food: 7, Hazards: 0
INFO 14:20:26.474270 Turn: 39, Snakes Alive: [Rule-based agent], Food: 7, Hazards: 0
INFO 14:20:26.479757 Turn: 40, Snakes Alive: [Rule-based agent], Food: 7, Hazards: 0
INFO 14:20:26.483459 Turn: 41, Snakes Alive: [Rule-based agent], Food: 7, Hazards: 0
INFO 14:20:26.513576 Turn: 42, Snakes Alive: [Rule-based agent], Food: 6, Hazards: 0
INFO 14:20:26.519053 Turn: 43, Snakes Alive: [Rule-based agent], Food: 6, Hazards: 0
INFO 14:20:26.523077 Turn: 44, Snakes Alive: [Rule-based agent], Food: 6, Hazards: 0
INFO 14:20:26.526489 Turn: 45, Snakes Alive: [Rule-based agent], Food: 6, Hazards: 0
INFO 14:20:26.529394 Turn: 46, Snakes Alive: [Rule-based agent], Food: 5, Hazards: 0
INFO 14:20:26.533141 Turn: 47, Snakes Alive: [Rule-based agent], Food: 5, Hazards: 0
INFO 14:20:26.537659 Turn: 48, Snakes Alive: [Rule-based agent], Food: 5, Hazards: 0
INFO 14:20:26.540372 Turn: 49, Snakes Alive: [Rule-based agent], Food: 5, Hazards: 0
INFO 14:20:26.543146 Turn: 50, Snakes Alive: [Rule-based agent], Food: 5, Hazards: 0
INFO 14:20:26.546332 Turn: 51, Snakes Alive: [Rule-based agent], Food: 5, Hazards: 0
INFO 14:20:26.548982 Turn: 52, Snakes Alive: [Rule-based agent], Food: 4, Hazards: 0
INFO 14:20:26.552927 Turn: 53, Snakes Alive: [Rule-based agent], Food: 4, Hazards: 0
INFO 14:20:26.555875 Turn: 54, Snakes Alive: [Rule-based agent], Food: 4, Hazards: 0
INFO 14:20:26.562697 Turn: 55, Snakes Alive: [Rule-based agent], Food: 4, Hazards: 0
INFO 14:20:26.567492 Turn: 56, Snakes Alive: [Rule-based agent], Food: 5, Hazards: 0
INFO 14:20:26.571244 Turn: 57, Snakes Alive: [Rule-based agent], Food: 5, Hazards: 0
INFO 14:20:26.574317 Turn: 58, Snakes Alive: [Rule-based agent], Food: 5, Hazards: 0
INFO 14:20:26.577313 Turn: 59, Snakes Alive: [Rule-based agent], Food: 4, Hazards: 0
INFO 14:20:26.581288 Turn: 60, Snakes Alive: [Rule-based agent], Food: 4, Hazards: 0
INFO 14:20:26.584362 Turn: 61, Snakes Alive: [Rule-based agent], Food: 4, Hazards: 0
INFO 14:20:26.586613 Turn: 62, Snakes Alive: [Rule-based agent], Food: 3, Hazards: 0
INFO 14:20:26.589754 Turn: 63, Snakes Alive: [Rule-based agent], Food: 3, Hazards: 0
INFO 14:20:26.592188 Turn: 64, Snakes Alive: [Rule-based agent], Food: 2, Hazards: 0
INFO 14:20:26.597146 Turn: 65, Snakes Alive: [Rule-based agent], Food: 2, Hazards: 0
INFO 14:20:26.602964 Turn: 66, Snakes Alive: [Rule-based agent], Food: 2, Hazards: 0
INFO 14:20:26.607293 Turn: 67, Snakes Alive: [Rule-based agent], Food: 2, Hazards: 0
INFO 14:20:26.612404 Turn: 68, Snakes Alive: [Rule-based agent], Food: 2, Hazards: 0
INFO 14:20:26.616438 Turn: 69, Snakes Alive: [Rule-based agent], Food: 2, Hazards: 0
INFO 14:20:26.621183 Turn: 70, Snakes Alive: [Rule-based agent], Food: 2, Hazards: 0
INFO 14:20:26.630152 Turn: 71, Snakes Alive: [Rule-based agent], Food: 2, Hazards: 0
INFO 14:20:26.639182 Turn: 72, Snakes Alive: [Rule-based agent], Food: 2, Hazards: 0
INFO 14:20:26.646986 Turn: 73, Snakes Alive: [Rule-based agent], Food: 3, Hazards: 0
INFO 14:20:26.650819 Turn: 74, Snakes Alive: [Rule-based agent], Food: 3, Hazards: 0
INFO 14:20:26.654250 Turn: 75, Snakes Alive: [Rule-based agent], Food: 3, Hazards: 0
INFO 14:20:26.656900 Turn: 76, Snakes Alive: [Rule-based agent], Food: 3, Hazards: 0
INFO 14:20:26.660022 Turn: 77, Snakes Alive: [Rule-based agent], Food: 3, Hazards: 0
INFO 14:20:26.665257 Turn: 78, Snakes Alive: [Rule-based agent], Food: 4, Hazards: 0
INFO 14:20:26.669504 Turn: 79, Snakes Alive: [Rule-based agent], Food: 4, Hazards: 0
INFO 14:20:26.672259 Turn: 80, Snakes Alive: [Rule-based agent], Food: 4, Hazards: 0
INFO 14:20:26.674855 Turn: 81, Snakes Alive: [Rule-based agent], Food: 4, Hazards: 0
INFO 14:20:26.678652 Turn: 82, Snakes Alive: [Rule-based agent], Food: 4, Hazards: 0
INFO 14:20:26.681557 Turn: 83, Snakes Alive: [Rule-based agent], Food: 4, Hazards: 0
INFO 14:20:26.684795 Turn: 84, Snakes Alive: [Rule-based agent], Food: 4, Hazards: 0
INFO 14:20:26.687310 Turn: 85, Snakes Alive: [Rule-based agent], Food: 4, Hazards: 0
INFO 14:20:26.691283 Turn: 86, Snakes Alive: [Rule-based agent], Food: 4, Hazards: 0
INFO 14:20:26.694823 Turn: 87, Snakes Alive: [Rule-based agent], Food: 4, Hazards: 0
INFO 14:20:26.697168 Turn: 88, Snakes Alive: [Rule-based agent], Food: 4, Hazards: 0
INFO 14:20:26.699504 Turn: 89, Snakes Alive: [Rule-based agent], Food: 4, Hazards: 0
INFO 14:20:26.701876 Turn: 90, Snakes Alive: [], Food: 4, Hazards: 0
INFO 14:20:26.702906 Game completed after 91 turns.
INFO 14:29:44.093756 Snake ID: e18c1c0f-debd-43f0-bcf1-5a41774273a4 URL: http://127.0.0.1:62485, Name: "Rule-based agent"
INFO 14:29:44.095868 Ruleset: solo, Seed: 100
INFO 14:29:44.096549 Turn: 0, Snakes Alive: [Rule-based agent], Food: 2, Hazards: 0
INFO 14:29:44.119217 Turn: 1, Snakes Alive: [Rule-based agent], Food: 2, Hazards: 0
INFO 14:29:44.121247 Turn: 2, Snakes Alive: [Rule-based agent], Food: 1, Hazards: 0
INFO 14:29:44.127527 Turn: 3, Snakes Alive: [Rule-based agent], Food: 2, Hazards: 0
INFO 14:29:44.132560 Turn: 4, Snakes Alive: [Rule-based agent], Food: 2, Hazards: 0
INFO 14:29:44.136072 Turn: 5, Snakes Alive: [Rule-based agent], Food: 2, Hazards: 0
INFO 14:29:44.139053 Turn: 6, Snakes Alive: [Rule-based agent], Food: 2, Hazards: 0
INFO 14:29:44.141082 Turn: 7, Snakes Alive: [Rule-based agent], Food: 2, Hazards: 0
INFO 14:29:44.149545 Turn: 8, Snakes Alive: [Rule-based agent], Food: 2, Hazards: 0
INFO 14:29:44.157253 Turn: 9, Snakes Alive: [Rule-based agent], Food: 3, Hazards: 0
INFO 14:29:44.163782 Turn: 10, Snakes Alive: [Rule-based agent], Food: 3, Hazards: 0
INFO 14:29:44.169395 Turn: 11, Snakes Alive: [Rule-based agent], Food: 3, Hazards: 0
INFO 14:29:44.173575 Turn: 12, Snakes Alive: [Rule-based agent], Food: 3, Hazards: 0
INFO 14:29:44.177087 Turn: 13, Snakes Alive: [Rule-based agent], Food: 4, Hazards: 0
INFO 14:29:44.179647 Turn: 14, Snakes Alive: [Rule-based agent], Food: 4, Hazards: 0
INFO 14:29:44.186148 Turn: 15, Snakes Alive: [Rule-based agent], Food: 4, Hazards: 0
INFO 14:29:44.190248 Turn: 16, Snakes Alive: [Rule-based agent], Food: 4, Hazards: 0
INFO 14:29:44.194110 Turn: 17, Snakes Alive: [Rule-based agent], Food: 5, Hazards: 0
INFO 14:29:44.198204 Turn: 18, Snakes Alive: [Rule-based agent], Food: 4, Hazards: 0
INFO 14:29:44.211091 Turn: 19, Snakes Alive: [Rule-based agent], Food: 4, Hazards: 0
INFO 14:29:44.223625 Turn: 20, Snakes Alive: [Rule-based agent], Food: 4, Hazards: 0
INFO 14:29:44.234172 Turn: 21, Snakes Alive: [Rule-based agent], Food: 4, Hazards: 0
INFO 14:29:44.243730 Turn: 22, Snakes Alive: [Rule-based agent], Food: 4, Hazards: 0
INFO 14:29:44.252317 Turn: 23, Snakes Alive: [Rule-based agent], Food: 5, Hazards: 0
INFO 14:29:44.256708 Turn: 24, Snakes Alive: [Rule-based agent], Food: 5, Hazards: 0
INFO 14:29:44.259748 Turn: 25, Snakes Alive: [Rule-based agent], Food: 5, Hazards: 0
INFO 14:29:44.264356 Turn: 26, Snakes Alive: [Rule-based agent], Food: 6, Hazards: 0
INFO 14:29:44.268403 Turn: 27, Snakes Alive: [Rule-based agent], Food: 7, Hazards: 0
INFO 14:29:44.271701 Turn: 28, Snakes Alive: [Rule-based agent], Food: 6, Hazards: 0
INFO 14:29:44.277670 Turn: 29, Snakes Alive: [Rule-based agent], Food: 6, Hazards: 0
INFO 14:29:44.282381 Turn: 30, Snakes Alive: [Rule-based agent], Food: 7, Hazards: 0
INFO 14:29:44.286221 Turn: 31, Snakes Alive: [Rule-based agent], Food: 8, Hazards: 0
INFO 14:29:44.289369 Turn: 32, Snakes Alive: [Rule-based agent], Food: 8, Hazards: 0
INFO 14:29:44.292668 Turn: 33, Snakes Alive: [Rule-based agent], Food: 8, Hazards: 0
INFO 14:29:44.297673 Turn: 34, Snakes Alive: [Rule-based agent], Food: 8, Hazards: 0
INFO 14:29:44.301639 Turn: 35, Snakes Alive: [Rule-based agent], Food: 8, Hazards: 0
INFO 14:29:44.305580 Turn: 36, Snakes Alive: [Rule-based agent], Food: 8, Hazards: 0
INFO 14:29:44.308223 Turn: 37, Snakes Alive: [Rule-based agent], Food: 7, Hazards: 0
INFO 14:29:44.315257 Turn: 38, Snakes Alive: [Rule-based agent], Food: 7, Hazards: 0
INFO 14:29:44.320840 Turn: 39, Snakes Alive: [Rule-based agent], Food: 7, Hazards: 0
INFO 14:29:44.324874 Turn: 40, Snakes Alive: [Rule-based agent], Food: 7, Hazards: 0
INFO 14:29:44.328280 Turn: 41, Snakes Alive: [Rule-based agent], Food: 7, Hazards: 0
INFO 14:29:44.363822 Turn: 42, Snakes Alive: [Rule-based agent], Food: 6, Hazards: 0
INFO 14:29:44.372259 Turn: 43, Snakes Alive: [Rule-based agent], Food: 6, Hazards: 0
INFO 14:29:44.375931 Turn: 44, Snakes Alive: [Rule-based agent], Food: 6, Hazards: 0
INFO 14:29:44.379636 Turn: 45, Snakes Alive: [Rule-based agent], Food: 6, Hazards: 0
INFO 14:29:44.383004 Turn: 46, Snakes Alive: [Rule-based agent], Food: 5, Hazards: 0
INFO 14:29:44.388214 Turn: 47, Snakes Alive: [Rule-based agent], Food: 5, Hazards: 0
INFO 14:29:44.392257 Turn: 48, Snakes Alive: [Rule-based agent], Food: 5, Hazards: 0
INFO 14:29:44.395543 Turn: 49, Snakes Alive: [Rule-based agent], Food: 5, Hazards: 0
INFO 14:29:44.399208 Turn: 50, Snakes Alive: [Rule-based agent], Food: 5, Hazards: 0
INFO 14:29:44.402689 Turn: 51, Snakes Alive: [Rule-based agent], Food: 5, Hazards: 0
INFO 14:29:44.405418 Turn: 52, Snakes Alive: [Rule-based agent], Food: 4, Hazards: 0
INFO 14:29:44.409464 Turn: 53, Snakes Alive: [Rule-based agent], Food: 4, Hazards: 0
INFO 14:29:44.413088 Turn: 54, Snakes Alive: [Rule-based agent], Food: 4, Hazards: 0
INFO 14:29:44.420130 Turn: 55, Snakes Alive: [Rule-based agent], Food: 4, Hazards: 0
INFO 14:29:44.495643 Turn: 56, Snakes Alive: [Rule-based agent], Food: 5, Hazards: 0
INFO 14:29:44.502821 Turn: 57, Snakes Alive: [Rule-based agent], Food: 5, Hazards: 0
INFO 14:29:44.507344 Turn: 58, Snakes Alive: [Rule-based agent], Food: 5, Hazards: 0
INFO 14:29:44.510388 Turn: 59, Snakes Alive: [Rule-based agent], Food: 4, Hazards: 0
INFO 14:29:44.516418 Turn: 60, Snakes Alive: [Rule-based agent], Food: 4, Hazards: 0
INFO 14:29:44.530460 Turn: 61, Snakes Alive: [Rule-based agent], Food: 4, Hazards: 0
INFO 14:29:44.534231 Turn: 62, Snakes Alive: [Rule-based agent], Food: 3, Hazards: 0
INFO 14:29:44.538265 Turn: 63, Snakes Alive: [Rule-based agent], Food: 3, Hazards: 0
INFO 14:29:44.541191 Turn: 64, Snakes Alive: [Rule-based agent], Food: 2, Hazards: 0
INFO 14:29:44.546979 Turn: 65, Snakes Alive: [Rule-based agent], Food: 2, Hazards: 0
INFO 14:29:44.553715 Turn: 66, Snakes Alive: [Rule-based agent], Food: 2, Hazards: 0
INFO 14:29:44.560108 Turn: 67, Snakes Alive: [Rule-based agent], Food: 2, Hazards: 0
INFO 14:29:44.566147 Turn: 68, Snakes Alive: [Rule-based agent], Food: 2, Hazards: 0
INFO 14:29:44.572384 Turn: 69, Snakes Alive: [Rule-based agent], Food: 2, Hazards: 0
INFO 14:29:44.578782 Turn: 70, Snakes Alive: [Rule-based agent], Food: 2, Hazards: 0
INFO 14:29:44.588207 Turn: 71, Snakes Alive: [Rule-based agent], Food: 2, Hazards: 0
INFO 14:29:44.597575 Turn: 72, Snakes Alive: [Rule-based agent], Food: 2, Hazards: 0
INFO 14:29:44.606264 Turn: 73, Snakes Alive: [Rule-based agent], Food: 3, Hazards: 0
INFO 14:29:44.610294 Turn: 74, Snakes Alive: [Rule-based agent], Food: 3, Hazards: 0
INFO 14:29:44.614054 Turn: 75, Snakes Alive: [Rule-based agent], Food: 3, Hazards: 0
INFO 14:29:44.617946 Turn: 76, Snakes Alive: [Rule-based agent], Food: 3, Hazards: 0
INFO 14:29:44.621716 Turn: 77, Snakes Alive: [Rule-based agent], Food: 3, Hazards: 0
INFO 14:29:44.628735 Turn: 78, Snakes Alive: [Rule-based agent], Food: 4, Hazards: 0
INFO 14:29:44.635237 Turn: 79, Snakes Alive: [Rule-based agent], Food: 4, Hazards: 0
INFO 14:29:44.639389 Turn: 80, Snakes Alive: [Rule-based agent], Food: 4, Hazards: 0
INFO 14:29:44.643362 Turn: 81, Snakes Alive: [Rule-based agent], Food: 4, Hazards: 0
INFO 14:29:44.648387 Turn: 82, Snakes Alive: [Rule-based agent], Food: 4, Hazards: 0
INFO 14:29:44.652607 Turn: 83, Snakes Alive: [Rule-based agent], Food: 4, Hazards: 0
INFO 14:29:44.657807 Turn: 84, Snakes Alive: [Rule-based agent], Food: 4, Hazards: 0
INFO 14:29:44.662594 Turn: 85, Snakes Alive: [Rule-based agent], Food: 4, Hazards: 0
INFO 14:29:44.665633 Turn: 86, Snakes Alive: [Rule-based agent], Food: 4, Hazards: 0
INFO 14:29:44.668652 Turn: 87, Snakes Alive: [Rule-based agent], Food: 4, Hazards: 0
INFO 14:29:44.672161 Turn: 88, Snakes Alive: [Rule-based agent], Food: 4, Hazards: 0
INFO 14:29:44.674804 Turn: 89, Snakes Alive: [Rule-based agent], Food: 4, Hazards: 0
INFO 14:29:44.677844 Turn: 90, Snakes Alive: [], Food: 4, Hazards: 0
INFO 14:29:44.678872 Game completed after 91 turns.
